Archive member included because of file (symbol)

c:/tools/bin/../lib/gcc/arm-none-eabi/4.8.1/../../../../arm-none-eabi/lib/thumb2\libc.a(lib_a-errno.o)
                              ./syscalls.o (__errno)
c:/tools/bin/../lib/gcc/arm-none-eabi/4.8.1/../../../../arm-none-eabi/lib/thumb2\libc.a(lib_a-impure.o)
                              c:/tools/bin/../lib/gcc/arm-none-eabi/4.8.1/../../../../arm-none-eabi/lib/thumb2\libc.a(lib_a-errno.o) (_impure_ptr)
c:/tools/bin/../lib/gcc/arm-none-eabi/4.8.1/../../../../arm-none-eabi/lib/thumb2\libc.a(lib_a-memcpy-stub.o)
                              ./FreeRTOS/Source/queue.o (memcpy)
c:/tools/bin/../lib/gcc/arm-none-eabi/4.8.1/../../../../arm-none-eabi/lib/thumb2\libc.a(lib_a-memset.o)
                              ./FreeRTOS/Source/tasks.o (memset)
c:/tools/bin/../lib/gcc/arm-none-eabi/4.8.1/../../../../arm-none-eabi/lib/thumb2\libc.a(lib_a-strncpy.o)
                              ./FreeRTOS/Source/tasks.o (strncpy)

Allocating common symbols
Common symbol       size              file

ucMDiscInBuf        0x0               ./FreeModbus/stm32/user_mb_app_m.o
pxMBFrameCBTransmitterEmpty
                    0x4               ./FreeModbus/mb.o
pxMBPortCBTimerExpired
                    0x4               ./FreeModbus/mb.o
DataBuf             0x1e              ./main.o
ucSCoilBuf          0x0               ./FreeModbus/stm32/user_mb_app.o
xQueueRegistry      0x8               ./FreeRTOS/Source/queue.o
Button              0x80              ./bsp/button.o
ucRTUBuf            0x100             ./FreeModbus/rtu/mbrtu.o
pxMBMasterFrameCBReceiveFSMCur
                    0x4               ./FreeModbus/mb_m.o
ucMCoilBuf          0x10              ./FreeModbus/stm32/user_mb_app_m.o
pxMBMasterFrameCBTransmitFSMCur
                    0x4               ./FreeModbus/mb_m.o
usMRegHoldBuf       0x0               ./FreeModbus/stm32/user_mb_app_m.o
ValidatorNV9        0x14              ./bsp/nv9usb.o
pxMBFrameCBByteReceived
                    0x4               ./FreeModbus/mb.o
pxMBFrameCBTransmitFSMCur
                    0x4               ./FreeModbus/mb.o
ucSDiscInBuf        0x0               ./FreeModbus/stm32/user_mb_app.o
usSRegHoldBuf       0x0               ./FreeModbus/stm32/user_mb_app.o
usSRegInBuf         0x8               ./FreeModbus/stm32/user_mb_app.o
pxMBFrameCBReceiveFSMCur
                    0x4               ./FreeModbus/mb.o
RxBuf               0x32              ./fifo_buffer.o
pxMBMasterFrameCBTransmitterEmpty
                    0x4               ./FreeModbus/mb_m.o
xDataGetQueue       0x4               ./main.o
pxMBMasterFrameCBByteReceived
                    0x4               ./FreeModbus/mb_m.o
usMRegInBuf         0x80              ./FreeModbus/stm32/user_mb_app_m.o
pxMBMasterPortCBTimerExpired
                    0x4               ./FreeModbus/mb_m.o

Discarded input sections

 .group         0x00000000        0x8 ./bsp/bsp.o
 .group         0x00000000        0x8 ./bsp/bsp.o
 .group         0x00000000        0x8 ./bsp/bsp.o
 .group         0x00000000        0x8 ./bsp/bsp.o
 .group         0x00000000        0x8 ./bsp/bsp.o
 .group         0x00000000        0x8 ./bsp/bsp.o
 .group         0x00000000        0x8 ./bsp/bsp.o
 .group         0x00000000        0x8 ./bsp/bsp.o
 .group         0x00000000        0x8 ./bsp/bsp.o
 .group         0x00000000        0x8 ./bsp/bsp.o
 .group         0x00000000        0x8 ./bsp/bsp.o
 .group         0x00000000        0x8 ./bsp/bsp.o
 .group         0x00000000        0x8 ./bsp/bsp.o
 .group         0x00000000        0x8 ./bsp/bsp.o
 .group         0x00000000        0x8 ./bsp/bsp.o
 .group         0x00000000        0x8 ./bsp/bsp.o
 .group         0x00000000        0x8 ./bsp/bsp.o
 .group         0x00000000        0x8 ./bsp/bsp.o
 .group         0x00000000        0x8 ./bsp/bsp.o
 .group         0x00000000        0x8 ./bsp/bsp.o
 .group         0x00000000        0x8 ./bsp/bsp.o
 .group         0x00000000        0x8 ./bsp/bsp.o
 .group         0x00000000        0x8 ./bsp/bsp.o
 .text          0x00000000        0x0 ./bsp/bsp.o
 .data          0x00000000        0x0 ./bsp/bsp.o
 .bss           0x00000000        0x0 ./bsp/bsp.o
 .text.bsp_pin_init
                0x00000000       0x90 ./bsp/bsp.o
 .group         0x00000000        0x8 ./bsp/button.o
 .group         0x00000000        0x8 ./bsp/button.o
 .group         0x00000000        0x8 ./bsp/button.o
 .group         0x00000000        0x8 ./bsp/button.o
 .group         0x00000000        0x8 ./bsp/button.o
 .group         0x00000000        0x8 ./bsp/button.o
 .group         0x00000000        0x8 ./bsp/button.o
 .group         0x00000000        0x8 ./bsp/button.o
 .group         0x00000000        0x8 ./bsp/button.o
 .group         0x00000000        0x8 ./bsp/button.o
 .group         0x00000000        0x8 ./bsp/button.o
 .group         0x00000000        0x8 ./bsp/button.o
[...]
Memory Configuration

Name             Origin             Length             Attributes
FLASH            0x08000000         0x00020000         xr
RAM              0x20000000         0x00002000         xrw
*default*        0x00000000         0xffffffff

Linker script and memory map

LOAD ./bsp/bsp.o
LOAD ./bsp/button.o
LOAD ./bsp/lcd.o
LOAD ./bsp/led.o
LOAD ./bsp/nv9usb.o
LOAD ./bsp/spi.o
LOAD ./bsp/uart.o
LOAD ./Libraries/StdPeripheralDriver/src/misc.o
LOAD ./Libraries/StdPeripheralDriver/src/stm32f10x_adc.o
LOAD ./Libraries/StdPeripheralDriver/src/stm32f10x_bkp.o
LOAD ./Libraries/StdPeripheralDriver/src/stm32f10x_can.o
LOAD ./Libraries/StdPeripheralDriver/src/stm32f10x_cec.o
LOAD ./Libraries/StdPeripheralDriver/src/stm32f10x_crc.o
LOAD ./Libraries/StdPeripheralDriver/src/stm32f10x_dac.o
LOAD ./Libraries/StdPeripheralDriver/src/stm32f10x_dbgmcu.o
LOAD ./Libraries/StdPeripheralDriver/src/stm32f10x_dma.o
LOAD ./Libraries/StdPeripheralDriver/src/stm32f10x_exti.o
LOAD ./Libraries/StdPeripheralDriver/src/stm32f10x_flash.o
LOAD ./Libraries/StdPeripheralDriver/src/stm32f10x_fsmc.o
LOAD ./Libraries/StdPeripheralDriver/src/stm32f10x_gpio.o
LOAD ./Libraries/StdPeripheralDriver/src/stm32f10x_i2c.o
LOAD ./Libraries/StdPeripheralDriver/src/stm32f10x_iwdg.o
LOAD ./Libraries/StdPeripheralDriver/src/stm32f10x_pwr.o
LOAD ./Libraries/StdPeripheralDriver/src/stm32f10x_rcc.o
LOAD ./Libraries/StdPeripheralDriver/src/stm32f10x_rtc.o
LOAD ./Libraries/StdPeripheralDriver/src/stm32f10x_sdio.o
LOAD ./Libraries/StdPeripheralDriver/src/stm32f10x_spi.o
LOAD ./Libraries/StdPeripheralDriver/src/stm32f10x_tim.o
LOAD ./Libraries/StdPeripheralDriver/src/stm32f10x_usart.o
LOAD ./Libraries/StdPeripheralDriver/src/stm32f10x_wwdg.o
LOAD ./Libraries/CMSIS/core_cm3.o
LOAD ./Libraries/CMSIS/startup_stm32f10x_md_vl.o
LOAD ./Libraries/CMSIS/system_stm32f10x.o
LOAD ./FreeRTOS/Source/portable/MemMang/heap_1.o
LOAD ./FreeRTOS/Source/portable/GCC/ARM_CM3/port.o
LOAD ./FreeRTOS/Source/croutine.o
LOAD ./FreeRTOS/Source/list.o
LOAD ./FreeRTOS/Source/queue.o
LOAD ./FreeRTOS/Source/tasks.o
LOAD ./FreeRTOS/Source/timers.o
LOAD ./FreeModbus/tcp/mbtcp.o
LOAD ./FreeModbus/stm32/portevent.o
LOAD ./FreeModbus/stm32/portevent_m.o
LOAD ./FreeModbus/stm32/portserial.o
LOAD ./FreeModbus/stm32/portserial_m.o
LOAD ./FreeModbus/stm32/porttimer.o
LOAD ./FreeModbus/stm32/porttimer_m.o
LOAD ./FreeModbus/stm32/user_mb_app.o
LOAD ./FreeModbus/stm32/user_mb_app_m.o
LOAD ./FreeModbus/rtu/mbcrc.o
LOAD ./FreeModbus/rtu/mbrtu.o
LOAD ./FreeModbus/rtu/mbrtu_m.o
LOAD ./FreeModbus/functions/mbfunccoils.o
LOAD ./FreeModbus/functions/mbfunccoils_m.o
LOAD ./FreeModbus/functions/mbfuncdiag.o
LOAD ./FreeModbus/functions/mbfuncdisc.o
LOAD ./FreeModbus/functions/mbfuncdisc_m.o
LOAD ./FreeModbus/functions/mbfuncholding.o
LOAD ./FreeModbus/functions/mbfuncholding_m.o
LOAD ./FreeModbus/functions/mbfuncinput.o
LOAD ./FreeModbus/functions/mbfuncinput_m.o
LOAD ./FreeModbus/functions/mbfuncother.o
LOAD ./FreeModbus/functions/mbutils.o
LOAD ./FreeModbus/ascii/mbascii.o
LOAD ./FreeModbus/mb.o
LOAD ./FreeModbus/mb_m.o
LOAD ./fifo_buffer.o
LOAD ./main.o
LOAD ./syscalls.o
START GROUP
LOAD c:/tools/bin/../lib/gcc/arm-none-eabi/4.8.1/thumb2\libgcc.a
LOAD c:/tools/bin/../lib/gcc/arm-none-eabi/4.8.1/../../../../arm-none-eabi/lib/thumb2\libc.a
END GROUP
                0x20002000                _estack = (ORIGIN (RAM) + 0x2000)
                0x00000000                MIN_HEAP_SIZE = 0x0
                0x00000100                MIN_STACK_SIZE = 0x100

.isr_vector     0x08000000      0x1d0
                0x08000000                . = ALIGN (0x4)
 *(.isr_vector)
 .isr_vector    0x08000000      0x1d0 ./Libraries/CMSIS/startup_stm32f10x_md_vl.o
                0x08000000                g_pfnVectors
                0x080001d0                . = ALIGN (0x4)

.text           0x080001d0     0x513c
                0x080001d0                . = ALIGN (0x4)
 *(.text)
 .text          0x080001d0       0xa8 c:/tools/bin/../lib/gcc/arm-none-eabi/4.8.1/../../../../arm-none-eabi/lib/thumb2\libc.a(lib_a-memcpy-stub.o)
                0x080001d0                memcpy
 .text          0x08000278       0xa0 c:/tools/bin/../lib/gcc/arm-none-eabi/4.8.1/../../../../arm-none-eabi/lib/thumb2\libc.a(lib_a-memset.o)
                0x08000278                memset
 .text          0x08000318       0x68 c:/tools/bin/../lib/gcc/arm-none-eabi/4.8.1/../../../../arm-none-eabi/lib/thumb2\libc.a(lib_a-strncpy.o)
                0x08000318                strncpy
 *(.text*)
 .text.bsp_init
                0x08000380       0x18 ./bsp/bsp.o
                0x08000380                bsp_init
 .text.led_hw_init
                0x08000398       0x6c ./bsp/led.o
 .text.LedInit  0x08000404        0xc ./bsp/led.o
                0x08000404                LedInit
 .text.LedToggle
                0x08000410       0x24 ./bsp/led.o
                0x08000410                LedToggle
 .text.NVIC_PriorityGroupConfig
                0x08000434       0x28 ./Libraries/StdPeripheralDriver/src/misc.o
                0x08000434                NVIC_PriorityGroupConfig
 .text.NVIC_Init
                0x0800045c       0xd0 ./Libraries/StdPeripheralDriver/src/misc.o
                0x0800045c                NVIC_Init
 .text.GPIO_Init
                0x0800052c      0x178 ./Libraries/StdPeripheralDriver/src/stm32f10x_gpio.o
                0x0800052c                GPIO_Init
 .text.RCC_GetClocksFreq
                0x080006a4      0x1b0 ./Libraries/StdPeripheralDriver/src/stm32f10x_rcc.o
                0x080006a4                RCC_GetClocksFreq
 .text.RCC_APB2PeriphClockCmd
                0x08000854       0x50 ./Libraries/StdPeripheralDriver/src/stm32f10x_rcc.o
                0x08000854                RCC_APB2PeriphClockCmd
 .text.RCC_APB1PeriphClockCmd
                0x080008a4       0x50 ./Libraries/StdPeripheralDriver/src/stm32f10x_rcc.o
                0x080008a4                RCC_APB1PeriphClockCmd
 .text.TIM_TimeBaseInit
                0x080008f4      0x118 ./Libraries/StdPeripheralDriver/src/stm32f10x_tim.o
                0x080008f4                TIM_TimeBaseInit
 .text.TIM_Cmd  0x08000a0c       0x40 ./Libraries/StdPeripheralDriver/src/stm32f10x_tim.o
                0x08000a0c                TIM_Cmd
 .text.TIM_ITConfig
                0x08000a4c       0x48 ./Libraries/StdPeripheralDriver/src/stm32f10x_tim.o
                0x08000a4c                TIM_ITConfig
 .text.TIM_ARRPreloadConfig
                0x08000a94       0x40 ./Libraries/StdPeripheralDriver/src/stm32f10x_tim.o
                0x08000a94                TIM_ARRPreloadConfig
 .text.TIM_SetCounter
                0x08000ad4       0x1c ./Libraries/StdPeripheralDriver/src/stm32f10x_tim.o
                0x08000ad4                TIM_SetCounter
 .text.TIM_ClearFlag
                0x08000af0       0x20 ./Libraries/StdPeripheralDriver/src/stm32f10x_tim.o
                0x08000af0                TIM_ClearFlag
 .text.TIM_GetITStatus
                0x08000b10       0x54 ./Libraries/StdPeripheralDriver/src/stm32f10x_tim.o
                0x08000b10                TIM_GetITStatus
 .text.TIM_ClearITPendingBit
                0x08000b64       0x20 ./Libraries/StdPeripheralDriver/src/stm32f10x_tim.o
                0x08000b64                TIM_ClearITPendingBit
 .text.USART_Init
                0x08000b84      0x184 ./Libraries/StdPeripheralDriver/src/stm32f10x_usart.o
                0x08000b84                USART_Init
 .text.USART_Cmd
                0x08000d08       0x40 ./Libraries/StdPeripheralDriver/src/stm32f10x_usart.o
                0x08000d08                USART_Cmd
 .text.USART_ITConfig
                0x08000d48       0x90 ./Libraries/StdPeripheralDriver/src/stm32f10x_usart.o
                0x08000d48                USART_ITConfig
 .text.USART_SendData
                0x08000dd8       0x24 ./Libraries/StdPeripheralDriver/src/stm32f10x_usart.o
                0x08000dd8                USART_SendData
 .text.USART_ReceiveData
                0x08000dfc       0x20 ./Libraries/StdPeripheralDriver/src/stm32f10x_usart.o
                0x08000dfc                USART_ReceiveData
 .text.USART_GetFlagStatus
                0x08000e1c       0x38 ./Libraries/StdPeripheralDriver/src/stm32f10x_usart.o
                0x08000e1c                USART_GetFlagStatus
 .text.USART_GetITStatus
                0x08000e54       0xb0 ./Libraries/StdPeripheralDriver/src/stm32f10x_usart.o
                0x08000e54                USART_GetITStatus
 .text.USART_ClearITPendingBit
                0x08000f04       0x38 ./Libraries/StdPeripheralDriver/src/stm32f10x_usart.o
                0x08000f04                USART_ClearITPendingBit
 .text.Reset_Handler
                0x08000f3c       0x44 ./Libraries/CMSIS/startup_stm32f10x_md_vl.o
                0x08000f3c                Reset_Handler
 .text.Default_Handler
                0x08000f80        0x2 ./Libraries/CMSIS/startup_stm32f10x_md_vl.o
                0x08000f80                EXTI2_IRQHandler
                0x08000f80                DebugMon_Handler
                0x08000f80                TIM1_CC_IRQHandler
                0x08000f80                HardFault_Handler
                0x08000f80                PVD_IRQHandler
                0x08000f80                NMI_Handler
                0x08000f80                EXTI3_IRQHandler
                0x08000f80                EXTI0_IRQHandler
                0x08000f80                I2C2_EV_IRQHandler
                0x08000f80                TIM1_UP_TIM16_IRQHandler
                0x08000f80                UsageFault_Handler
                0x08000f80                SPI1_IRQHandler
                0x08000f80                TAMPER_IRQHandler
                0x08000f80                TIM6_DAC_IRQHandler
                0x08000f80                DMA1_Channel4_IRQHandler
                0x08000f80                ADC1_IRQHandler
                0x08000f80                USART3_IRQHandler
                0x08000f80                RTC_IRQHandler
                0x08000f80                DMA1_Channel7_IRQHandler
                0x08000f80                TIM4_IRQHandler
                0x08000f80                I2C1_EV_IRQHandler
                0x08000f80                DMA1_Channel6_IRQHandler
                0x08000f80                RCC_IRQHandler
                0x08000f80                DMA1_Channel1_IRQHandler
                0x08000f80                Default_Handler
                0x08000f80                CEC_IRQHandler
                0x08000f80                EXTI15_10_IRQHandler
                0x08000f80                TIM7_IRQHandler
                0x08000f80                EXTI9_5_IRQHandler
                0x08000f80                SPI2_IRQHandler
                0x08000f80                MemManage_Handler
                0x08000f80                DMA1_Channel5_IRQHandler
                0x08000f80                EXTI4_IRQHandler
                0x08000f80                TIM1_TRG_COM_TIM17_IRQHandler
                0x08000f80                DMA1_Channel3_IRQHandler
                0x08000f80                WWDG_IRQHandler
                0x08000f80                EXTI1_IRQHandler
                0x08000f80                RTCAlarm_IRQHandler
                0x08000f80                USART2_IRQHandler
                0x08000f80                I2C2_ER_IRQHandler
                0x08000f80                DMA1_Channel2_IRQHandler
                0x08000f80                FLASH_IRQHandler
                0x08000f80                BusFault_Handler
                0x08000f80                I2C1_ER_IRQHandler
                0x08000f80                TIM1_BRK_TIM15_IRQHandler
 *fill*         0x08000f82        0x2 
 .text.SystemInit
                0x08000f84       0xb4 ./Libraries/CMSIS/system_stm32f10x.o
                0x08000f84                SystemInit
 .text.SetSysClock
                0x08001038        0xc ./Libraries/CMSIS/system_stm32f10x.o
 .text.SetSysClockTo24
                0x08001044      0x154 ./Libraries/CMSIS/system_stm32f10x.o
 .text.pvPortMalloc
                0x08001198       0x90 ./FreeRTOS/Source/portable/MemMang/heap_1.o
                0x08001198                pvPortMalloc
 .text.vPortFree
                0x08001228       0x14 ./FreeRTOS/Source/portable/MemMang/heap_1.o
                0x08001228                vPortFree
 .text.pxPortInitialiseStack
                0x0800123c       0x54 ./FreeRTOS/Source/portable/GCC/ARM_CM3/port.o
                0x0800123c                pxPortInitialiseStack
 .text.SVC_Handler
                0x08001290       0x20 ./FreeRTOS/Source/portable/GCC/ARM_CM3/port.o
                0x08001290                SVC_Handler
 .text.vPortStartFirstTask
                0x080012b0       0x14 ./FreeRTOS/Source/portable/GCC/ARM_CM3/port.o
                0x080012b0                vPortStartFirstTask
 .text.xPortStartScheduler
                0x080012c4       0x50 ./FreeRTOS/Source/portable/GCC/ARM_CM3/port.o
                0x080012c4                xPortStartScheduler
 .text.vPortYieldFromISR
                0x08001314       0x1c ./FreeRTOS/Source/portable/GCC/ARM_CM3/port.o
                0x08001314                vPortYieldFromISR
 .text.vPortEnterCritical
                0x08001330       0x2c ./FreeRTOS/Source/portable/GCC/ARM_CM3/port.o
                0x08001330                vPortEnterCritical
 .text.vPortExitCritical
                0x0800135c       0x38 ./FreeRTOS/Source/portable/GCC/ARM_CM3/port.o
                0x0800135c                vPortExitCritical
 .text.PendSV_Handler
                0x08001394       0x3c ./FreeRTOS/Source/portable/GCC/ARM_CM3/port.o
                0x08001394                PendSV_Handler
 .text.SysTick_Handler
                0x080013d0       0x34 ./FreeRTOS/Source/portable/GCC/ARM_CM3/port.o
                0x080013d0                SysTick_Handler
 .text.prvSetupTimerInterrupt
                0x08001404       0x28 ./FreeRTOS/Source/portable/GCC/ARM_CM3/port.o
 .text.vListInitialise
                0x0800142c       0x40 ./FreeRTOS/Source/list.o
                0x0800142c                vListInitialise
 .text.vListInitialiseItem
                0x0800146c       0x18 ./FreeRTOS/Source/list.o
                0x0800146c                vListInitialiseItem
 .text.vListInsertEnd
                0x08001484       0x50 ./FreeRTOS/Source/list.o
                0x08001484                vListInsertEnd
 .text.vListInsert
                0x080014d4       0x70 ./FreeRTOS/Source/list.o
                0x080014d4                vListInsert
 .text.vListRemove
                0x08001544       0x50 ./FreeRTOS/Source/list.o
                0x08001544                vListRemove
 .text.xQueueGenericCreate
                0x08001594       0xd0 ./FreeRTOS/Source/queue.o
                0x08001594                xQueueGenericCreate
 .text.xQueueGenericSend
                0x08001664      0x140 ./FreeRTOS/Source/queue.o
                0x08001664                xQueueGenericSend
 .text.xQueueGenericSendFromISR
                0x080017a4       0xc4 ./FreeRTOS/Source/queue.o
                0x080017a4                xQueueGenericSendFromISR
 .text.xQueueGenericReceive
                0x08001868      0x1a0 ./FreeRTOS/Source/queue.o
                0x08001868                xQueueGenericReceive
 .text.prvCopyDataToQueue
                0x08001a08       0xb8 ./FreeRTOS/Source/queue.o
 .text.prvCopyDataFromQueue
                0x08001ac0       0x4c ./FreeRTOS/Source/queue.o
 .text.prvUnlockQueue
                0x08001b0c       0x98 ./FreeRTOS/Source/queue.o
 .text.prvIsQueueEmpty
                0x08001ba4       0x2c ./FreeRTOS/Source/queue.o
 .text.prvIsQueueFull
                0x08001bd0       0x30 ./FreeRTOS/Source/queue.o
 .text.vQueueWaitForMessageRestricted
                0x08001c00       0x54 ./FreeRTOS/Source/queue.o
                0x08001c00                vQueueWaitForMessageRestricted
 .text.xTaskGenericCreate
                0x08001c54      0x1e4 ./FreeRTOS/Source/tasks.o
                0x08001c54                xTaskGenericCreate
 .text.vTaskDelay
                0x08001e38       0x54 ./FreeRTOS/Source/tasks.o
                0x08001e38                vTaskDelay
 .text.vTaskStartScheduler
                0x08001e8c       0x7c ./FreeRTOS/Source/tasks.o
                0x08001e8c                vTaskStartScheduler
 .text.vTaskSuspendAll
                0x08001f08       0x24 ./FreeRTOS/Source/tasks.o
                0x08001f08                vTaskSuspendAll
 .text.xTaskResumeAll
                0x08001f2c      0x14c ./FreeRTOS/Source/tasks.o
                0x08001f2c                xTaskResumeAll
 .text.xTaskGetTickCount
                0x08002078       0x24 ./FreeRTOS/Source/tasks.o
                0x08002078                xTaskGetTickCount
 .text.vTaskIncrementTick
                0x0800209c      0x1c0 ./FreeRTOS/Source/tasks.o
                0x0800209c                vTaskIncrementTick
 .text.vTaskSwitchContext
                0x0800225c       0xcc ./FreeRTOS/Source/tasks.o
                0x0800225c                vTaskSwitchContext
 .text.vTaskPlaceOnEventList
                0x08002328       0x80 ./FreeRTOS/Source/tasks.o
                0x08002328                vTaskPlaceOnEventList
 .text.vTaskPlaceOnEventListRestricted
                0x080023a8       0x5c ./FreeRTOS/Source/tasks.o
                0x080023a8                vTaskPlaceOnEventListRestricted
 .text.xTaskRemoveFromEventList
                0x08002404       0xc0 ./FreeRTOS/Source/tasks.o
                0x08002404                xTaskRemoveFromEventList
 .text.vTaskSetTimeOutState
                0x080024c4       0x40 ./FreeRTOS/Source/tasks.o
                0x080024c4                vTaskSetTimeOutState
 .text.xTaskCheckForTimeOut
                0x08002504       0xb8 ./FreeRTOS/Source/tasks.o
                0x08002504                xTaskCheckForTimeOut
 .text.vTaskMissedYield
                0x080025bc       0x18 ./FreeRTOS/Source/tasks.o
                0x080025bc                vTaskMissedYield
 .text.prvIdleTask
                0x080025d4       0x24 ./FreeRTOS/Source/tasks.o
 .text.prvInitialiseTCBVariables
                0x080025f8       0x6c ./FreeRTOS/Source/tasks.o
 .text.prvInitialiseTaskLists
                0x08002664       0x98 ./FreeRTOS/Source/tasks.o
 .text.prvCheckTasksWaitingTermination
                0x080026fc       0x90 ./FreeRTOS/Source/tasks.o
 .text.prvAddCurrentTaskToDelayedList
                0x0800278c       0x88 ./FreeRTOS/Source/tasks.o
 .text.prvAllocateTCBAndStack
                0x08002814       0x64 ./FreeRTOS/Source/tasks.o
 .text.prvDeleteTCB
                0x08002878       0x20 ./FreeRTOS/Source/tasks.o
 .text.xTaskGetCurrentTaskHandle
                0x08002898       0x20 ./FreeRTOS/Source/tasks.o
                0x08002898                xTaskGetCurrentTaskHandle
 .text.xTaskGetSchedulerState
                0x080028b8       0x40 ./FreeRTOS/Source/tasks.o
                0x080028b8                xTaskGetSchedulerState
 .text.vTaskPriorityInherit
                0x080028f8       0xd8 ./FreeRTOS/Source/tasks.o
                0x080028f8                vTaskPriorityInherit
 .text.vTaskPriorityDisinherit
                0x080029d0       0x84 ./FreeRTOS/Source/tasks.o
                0x080029d0                vTaskPriorityDisinherit
 .text.xTimerCreateTimerTask
                0x08002a54       0x60 ./FreeRTOS/Source/timers.o
                0x08002a54                xTimerCreateTimerTask
 .text.xTimerGenericCommand
                0x08002ab4       0xa0 ./FreeRTOS/Source/timers.o
                0x08002ab4                xTimerGenericCommand
 .text.prvProcessExpiredTimer
                0x08002b54       0x78 ./FreeRTOS/Source/timers.o
 .text.prvTimerTask
                0x08002bcc       0x24 ./FreeRTOS/Source/timers.o
 .text.prvProcessTimerOrBlockTask
                0x08002bf0       0x70 ./FreeRTOS/Source/timers.o
 .text.prvGetNextExpireTime
                0x08002c60       0x50 ./FreeRTOS/Source/timers.o
 .text.prvSampleTimeNow
                0x08002cb0       0x54 ./FreeRTOS/Source/timers.o
 .text.prvInsertTimerInActiveList
                0x08002d04       0x88 ./FreeRTOS/Source/timers.o
 .text.prvProcessReceivedCommands
                0x08002d8c      0x100 ./FreeRTOS/Source/timers.o
 .text.prvSwitchTimerLists
                0x08002e8c       0xe0 ./FreeRTOS/Source/timers.o
 .text.prvCheckForValidListAndQueue
                0x08002f6c       0x70 ./FreeRTOS/Source/timers.o
 .text.xMBMasterPortEventInit
                0x08002fdc       0x1c ./FreeModbus/stm32/portevent_m.o
                0x08002fdc                xMBMasterPortEventInit
 .text.xMBMasterPortEventPost
                0x08002ff8       0x34 ./FreeModbus/stm32/portevent_m.o
                0x08002ff8                xMBMasterPortEventPost
 .text.xMBMasterPortEventGet
                0x0800302c       0x48 ./FreeModbus/stm32/portevent_m.o
                0x0800302c                xMBMasterPortEventGet
 .text.vMBMasterOsResInit
                0x08003074       0x1c ./FreeModbus/stm32/portevent_m.o
                0x08003074                vMBMasterOsResInit
 .text.xMBMasterRunResTake
                0x08003090       0x88 ./FreeModbus/stm32/portevent_m.o
                0x08003090                xMBMasterRunResTake
 .text.vMBMasterRunResRelease
                0x08003118       0x28 ./FreeModbus/stm32/portevent_m.o
                0x08003118                vMBMasterRunResRelease
 .text.vMBMasterErrorCBRespondTimeout
                0x08003140       0x1c ./FreeModbus/stm32/portevent_m.o
                0x08003140                vMBMasterErrorCBRespondTimeout
 .text.vMBMasterErrorCBReceiveData
                0x0800315c       0x1c ./FreeModbus/stm32/portevent_m.o
                0x0800315c                vMBMasterErrorCBReceiveData
 .text.vMBMasterErrorCBExecuteFunction
                0x08003178       0x20 ./FreeModbus/stm32/portevent_m.o
                0x08003178                vMBMasterErrorCBExecuteFunction
 .text.vMBMasterCBRequestSuccess
                0x08003198        0xc ./FreeModbus/stm32/portevent_m.o
                0x08003198                vMBMasterCBRequestSuccess
 .text.eMBMasterWaitRequestFinish
                0x080031a4       0x60 ./FreeModbus/stm32/portevent_m.o
                0x080031a4                eMBMasterWaitRequestFinish
 .text.vMBMasterPortSerialEnable
                0x08003204       0x6c ./FreeModbus/stm32/portserial_m.o
                0x08003204                vMBMasterPortSerialEnable
 .text.xMBMasterPortSerialInit
                0x08003270      0x110 ./FreeModbus/stm32/portserial_m.o
                0x08003270                xMBMasterPortSerialInit
 .text.xMBMasterPortSerialPutByte
                0x08003380       0x28 ./FreeModbus/stm32/portserial_m.o
                0x08003380                xMBMasterPortSerialPutByte
 .text.xMBMasterPortSerialGetByte
                0x080033a8       0x28 ./FreeModbus/stm32/portserial_m.o
                0x080033a8                xMBMasterPortSerialGetByte
 .text.prvvUARTTxReadyISR
                0x080033d0       0x14 ./FreeModbus/stm32/portserial_m.o
 .text.prvvUARTRxISR
                0x080033e4       0x14 ./FreeModbus/stm32/portserial_m.o
 .text.USART1_IRQHandler
                0x080033f8       0x64 ./FreeModbus/stm32/portserial_m.o
                0x080033f8                USART1_IRQHandler
 .text.prvvTIMERExpiredISR
                0x0800345c       0x14 ./FreeModbus/stm32/porttimer.o
 .text.TIM3_IRQHandler
                0x08003470       0x4c ./FreeModbus/stm32/porttimer.o
                0x08003470                TIM3_IRQHandler
 .text.xMBMasterPortTimersInit
                0x080034bc       0x9c ./FreeModbus/stm32/porttimer_m.o
                0x080034bc                xMBMasterPortTimersInit
 .text.vMBMasterPortTimersT35Enable
                0x08003558       0x68 ./FreeModbus/stm32/porttimer_m.o
                0x08003558                vMBMasterPortTimersT35Enable
 .text.vMBMasterPortTimersConvertDelayEnable
                0x080035c0       0x64 ./FreeModbus/stm32/porttimer_m.o
                0x080035c0                vMBMasterPortTimersConvertDelayEnable
 .text.vMBMasterPortTimersRespondTimeoutEnable
                0x08003624       0x64 ./FreeModbus/stm32/porttimer_m.o
                0x08003624                vMBMasterPortTimersRespondTimeoutEnable
 .text.vMBMasterPortTimersDisable
                0x08003688       0x30 ./FreeModbus/stm32/porttimer_m.o
                0x08003688                vMBMasterPortTimersDisable
 .text.prvvTIMERExpiredISR
                0x080036b8       0x14 ./FreeModbus/stm32/porttimer_m.o
 .text.TIM2_IRQHandler
                0x080036cc       0x40 ./FreeModbus/stm32/porttimer_m.o
                0x080036cc                TIM2_IRQHandler
 .text.eMBMasterRegInputCB
                0x0800370c       0xc4 ./FreeModbus/stm32/user_mb_app_m.o
                0x0800370c                eMBMasterRegInputCB
 .text.eMBMasterRegHoldingCB
                0x080037d0      0x108 ./FreeModbus/stm32/user_mb_app_m.o
                0x080037d0                eMBMasterRegHoldingCB
 .text.eMBMasterRegCoilsCB
                0x080038d8      0x174 ./FreeModbus/stm32/user_mb_app_m.o
                0x080038d8                eMBMasterRegCoilsCB
 .text.eMBMasterRegDiscreteCB
                0x08003a4c       0xf0 ./FreeModbus/stm32/user_mb_app_m.o
                0x08003a4c                eMBMasterRegDiscreteCB
 .text.usMBCRC16
                0x08003b3c       0x70 ./FreeModbus/rtu/mbcrc.o
                0x08003b3c                usMBCRC16
 .text.eMBMasterRTUInit
                0x08003bac       0x74 ./FreeModbus/rtu/mbrtu_m.o
                0x08003bac                eMBMasterRTUInit
 .text.eMBMasterRTUStart
                0x08003c20       0x28 ./FreeModbus/rtu/mbrtu_m.o
                0x08003c20                eMBMasterRTUStart
 .text.eMBMasterRTUStop
                0x08003c48       0x1c ./FreeModbus/rtu/mbrtu_m.o
                0x08003c48                eMBMasterRTUStop
 .text.eMBMasterRTUReceive
                0x08003c64       0x88 ./FreeModbus/rtu/mbrtu_m.o
                0x08003c64                eMBMasterRTUReceive
 .text.eMBMasterRTUSend
                0x08003cec      0x118 ./FreeModbus/rtu/mbrtu_m.o
                0x08003cec                eMBMasterRTUSend
 .text.xMBMasterRTUReceiveFSM
                0x08003e04       0xf0 ./FreeModbus/rtu/mbrtu_m.o
                0x08003e04                xMBMasterRTUReceiveFSM
 .text.xMBMasterRTUTransmitFSM
                0x08003ef4       0xe0 ./FreeModbus/rtu/mbrtu_m.o
                0x08003ef4                xMBMasterRTUTransmitFSM
 .text.xMBMasterRTUTimerExpired
                0x08003fd4       0xb4 ./FreeModbus/rtu/mbrtu_m.o
                0x08003fd4                xMBMasterRTUTimerExpired
 .text.vMBMasterGetPDUSndBuf
                0x08004088       0x1c ./FreeModbus/rtu/mbrtu_m.o
                0x08004088                vMBMasterGetPDUSndBuf
 .text.vMBMasterSetPDUSndLength
                0x080040a4       0x20 ./FreeModbus/rtu/mbrtu_m.o
                0x080040a4                vMBMasterSetPDUSndLength
 .text.usMBMasterGetPDUSndLength
                0x080040c4       0x1c ./FreeModbus/rtu/mbrtu_m.o
                0x080040c4                usMBMasterGetPDUSndLength
 .text.vMBMasterSetCurTimerMode
                0x080040e0       0x20 ./FreeModbus/rtu/mbrtu_m.o
                0x080040e0                vMBMasterSetCurTimerMode
 .text.xMBMasterRequestIsBroadcast
                0x08004100       0x1c ./FreeModbus/rtu/mbrtu_m.o
                0x08004100                xMBMasterRequestIsBroadcast
 .text.eMBMasterFuncReadCoils
                0x0800411c       0xdc ./FreeModbus/functions/mbfunccoils_m.o
                0x0800411c                eMBMasterFuncReadCoils
 .text.eMBMasterReqWriteCoil
                0x080041f8       0xb0 ./FreeModbus/functions/mbfunccoils_m.o
                0x080041f8                eMBMasterReqWriteCoil
 .text.eMBMasterFuncWriteCoil
                0x080042a8       0xac ./FreeModbus/functions/mbfunccoils_m.o
                0x080042a8                eMBMasterFuncWriteCoil
 .text.eMBMasterFuncWriteMultipleCoils
                0x08004354       0xd8 ./FreeModbus/functions/mbfunccoils_m.o
                0x08004354                eMBMasterFuncWriteMultipleCoils
 .text.eMBMasterFuncReadDiscreteInputs
                0x0800442c       0xdc ./FreeModbus/functions/mbfuncdisc_m.o
                0x0800442c                eMBMasterFuncReadDiscreteInputs
 .text.eMBMasterFuncWriteHoldingRegister
                0x08004508       0x6c ./FreeModbus/functions/mbfuncholding_m.o
                0x08004508                eMBMasterFuncWriteHoldingRegister
 .text.eMBMasterFuncWriteMultipleHoldingRegister
                0x08004574       0xb4 ./FreeModbus/functions/mbfuncholding_m.o
                0x08004574                eMBMasterFuncWriteMultipleHoldingRegister
 .text.eMBMasterFuncReadHoldingRegister
                0x08004628       0xb8 ./FreeModbus/functions/mbfuncholding_m.o
                0x08004628                eMBMasterFuncReadHoldingRegister
 .text.eMBMasterFuncReadWriteMultipleHoldingRegister
                0x080046e0      0x104 ./FreeModbus/functions/mbfuncholding_m.o
                0x080046e0                eMBMasterFuncReadWriteMultipleHoldingRegister
 .text.eMBMasterFuncReadInputRegister
                0x080047e4       0xb8 ./FreeModbus/functions/mbfuncinput_m.o
                0x080047e4                eMBMasterFuncReadInputRegister
 .text.eMBFuncReportSlaveID
                0x0800489c       0x44 ./FreeModbus/functions/mbfuncother.o
                0x0800489c                eMBFuncReportSlaveID
 .text.xMBUtilSetBits
                0x080048e0       0xa8 ./FreeModbus/functions/mbutils.o
                0x080048e0                xMBUtilSetBits
 .text.xMBUtilGetBits
                0x08004988       0x74 ./FreeModbus/functions/mbutils.o
                0x08004988                xMBUtilGetBits
 .text.prveMBError2Exception
                0x080049fc       0x40 ./FreeModbus/functions/mbutils.o
                0x080049fc                prveMBError2Exception
 .text.eMBMasterInit
                0x08004a3c       0xf0 ./FreeModbus/mb_m.o
                0x08004a3c                eMBMasterInit
 .text.eMBMasterEnable
                0x08004b2c       0x40 ./FreeModbus/mb_m.o
                0x08004b2c                eMBMasterEnable
 .text.eMBMasterPoll
                0x08004b6c      0x318 ./FreeModbus/mb_m.o
                0x08004b6c                eMBMasterPoll
 .text.vMBMasterSetCBRunInMasterMode
                0x08004e84       0x20 ./FreeModbus/mb_m.o
                0x08004e84                vMBMasterSetCBRunInMasterMode
 .text.ucMBMasterGetDestAddress
                0x08004ea4       0x18 ./FreeModbus/mb_m.o
                0x08004ea4                ucMBMasterGetDestAddress
 .text.vMBMasterSetDestAddress
                0x08004ebc       0x20 ./FreeModbus/mb_m.o
                0x08004ebc                vMBMasterSetDestAddress
 .text.eMBMasterGetErrorType
                0x08004edc       0x18 ./FreeModbus/mb_m.o
                0x08004edc                eMBMasterGetErrorType
 .text.vMBMasterSetErrorType
                0x08004ef4       0x20 ./FreeModbus/mb_m.o
                0x08004ef4                vMBMasterSetErrorType
 .text.main     0x08004f14       0x7c ./main.o
                0x08004f14                main
 .text.vTask1   0x08004f90      0x100 ./main.o
                0x08004f90                vTask1
 .text.vTask2   0x08005090       0x5c ./main.o
                0x08005090                vTask2
 *(.rodata)
 .rodata        0x080050ec        0x8 ./FreeRTOS/Source/tasks.o
 .rodata        0x080050f4        0x8 ./FreeRTOS/Source/timers.o
 .rodata        0x080050fc       0x10 ./main.o
 *(.rodata*)
 .rodata.aucCRCHi
                0x0800510c      0x100 ./FreeModbus/rtu/mbcrc.o
 .rodata.aucCRCLo
                0x0800520c      0x100 ./FreeModbus/rtu/mbcrc.o
 *(.glue_7)
 .glue_7        0x00000000        0x0 linker stubs
 *(.glue_7t)
 .glue_7t       0x00000000        0x0 linker stubs
 *(.init)
 *(.fini)
                0x0800530c                . = ALIGN (0x4)
                0x0800530c                _etext = .

.vfp11_veneer   0x0800530c        0x0
 .vfp11_veneer  0x00000000        0x0 linker stubs

.v4_bx          0x0800530c        0x0
 .v4_bx         0x00000000        0x0 linker stubs

.iplt           0x0800530c        0x0
 .iplt          0x00000000        0x0 ./bsp/bsp.o

.rel.dyn        0x0800530c        0x0
 .rel.iplt      0x00000000        0x0 ./bsp/bsp.o

.ARM.extab
 *(.ARM.extab* .gnu.linkonce.armextab.*)

.ARM            0x0800530c        0x0
                0x0800530c                __exidx_start = .
 *(.ARM.exidx*)
                0x0800530c                __exidx_end = .

.ARM.attributes
                0x0800530c       0x31
 *(.ARM.attributes)
 .ARM.attributes
                0x0800530c       0x33 ./bsp/bsp.o
 .ARM.attributes
                0x0800533f       0x33 ./bsp/led.o
 .ARM.attributes
                0x08005372       0x33 ./Libraries/StdPeripheralDriver/src/misc.o
 .ARM.attributes
                0x080053a5       0x33 ./Libraries/StdPeripheralDriver/src/stm32f10x_gpio.o
 .ARM.attributes
                0x080053d8       0x33 ./Libraries/StdPeripheralDriver/src/stm32f10x_rcc.o
 .ARM.attributes
                0x0800540b       0x33 ./Libraries/StdPeripheralDriver/src/stm32f10x_tim.o
 .ARM.attributes
                0x0800543e       0x33 ./Libraries/StdPeripheralDriver/src/stm32f10x_usart.o
 .ARM.attributes
                0x08005471       0x21 ./Libraries/CMSIS/startup_stm32f10x_md_vl.o
 .ARM.attributes
                0x08005492       0x33 ./Libraries/CMSIS/system_stm32f10x.o
 .ARM.attributes
                0x080054c5       0x33 ./FreeRTOS/Source/portable/MemMang/heap_1.o
 .ARM.attributes
                0x080054f8       0x33 ./FreeRTOS/Source/portable/GCC/ARM_CM3/port.o
 .ARM.attributes
                0x0800552b       0x33 ./FreeRTOS/Source/list.o
 .ARM.attributes
                0x0800555e       0x33 ./FreeRTOS/Source/queue.o
 .ARM.attributes
                0x08005591       0x33 ./FreeRTOS/Source/tasks.o
 .ARM.attributes
                0x080055c4       0x33 ./FreeRTOS/Source/timers.o
 .ARM.attributes
                0x080055f7       0x33 ./FreeModbus/stm32/portevent_m.o
 .ARM.attributes
                0x0800562a       0x33 ./FreeModbus/stm32/portserial_m.o
 .ARM.attributes
                0x0800565d       0x33 ./FreeModbus/stm32/porttimer.o
 .ARM.attributes
                0x08005690       0x33 ./FreeModbus/stm32/porttimer_m.o
 .ARM.attributes
                0x080056c3       0x33 ./FreeModbus/stm32/user_mb_app_m.o
 .ARM.attributes
                0x080056f6       0x33 ./FreeModbus/rtu/mbcrc.o
 .ARM.attributes
                0x08005729       0x33 ./FreeModbus/rtu/mbrtu_m.o
 .ARM.attributes
                0x0800575c       0x33 ./FreeModbus/functions/mbfunccoils_m.o
 .ARM.attributes
                0x0800578f       0x33 ./FreeModbus/functions/mbfuncdisc_m.o
 .ARM.attributes
                0x080057c2       0x33 ./FreeModbus/functions/mbfuncholding_m.o
 .ARM.attributes
                0x080057f5       0x33 ./FreeModbus/functions/mbfuncinput_m.o
 .ARM.attributes
                0x08005828       0x33 ./FreeModbus/functions/mbfuncother.o
 .ARM.attributes
                0x0800585b       0x33 ./FreeModbus/functions/mbutils.o
 .ARM.attributes
                0x0800588e       0x33 ./FreeModbus/mb.o
 .ARM.attributes
                0x080058c1       0x33 ./FreeModbus/mb_m.o
 .ARM.attributes
                0x080058f4       0x33 ./main.o
 .ARM.attributes
                0x08005927       0x29 c:/tools/bin/../lib/gcc/arm-none-eabi/4.8.1/../../../../arm-none-eabi/lib/thumb2\libc.a(lib_a-memcpy-stub.o)
 .ARM.attributes
                0x08005950       0x29 c:/tools/bin/../lib/gcc/arm-none-eabi/4.8.1/../../../../arm-none-eabi/lib/thumb2\libc.a(lib_a-memset.o)
 .ARM.attributes
                0x08005979       0x29 c:/tools/bin/../lib/gcc/arm-none-eabi/4.8.1/../../../../arm-none-eabi/lib/thumb2\libc.a(lib_a-strncpy.o)

.preinit_array  0x0800530c        0x0
                0x0800530c                PROVIDE (__preinit_array_start, .)
 *(.preinit_array*)
                0x0800530c                PROVIDE (__preinit_array_end, .)

.init_array     0x0800530c        0x0
                0x0800530c                PROVIDE (__init_array_start, .)
 *(SORT(.init_array.*))
 *(.init_array*)
                0x0800530c                PROVIDE (__init_array_end, .)

.fini_array     0x0800530c        0x0
                0x0800530c                PROVIDE (__fini_array_start, .)
 *(.fini_array*)
 *(SORT(.fini_array.*))
                0x0800530c                PROVIDE (__fini_array_end, .)
                0x0800530c                _sidata = .

.data           0x20000000       0xac load address 0x080059a2
                0x20000000                . = ALIGN (0x4)
                0x20000000                _sdata = .
 *(.data)
 *(.data*)
 .data.APBAHBPrescTable
                0x20000000       0x10 ./Libraries/StdPeripheralDriver/src/stm32f10x_rcc.o
 .data.ADCPrescTable
                0x20000010        0x4 ./Libraries/StdPeripheralDriver/src/stm32f10x_rcc.o
 .data.SystemCoreClock
                0x20000014        0x4 ./Libraries/CMSIS/system_stm32f10x.o
                0x20000014                SystemCoreClock
 .data.uxCriticalNesting
                0x20000018        0x4 ./FreeRTOS/Source/portable/GCC/ARM_CM3/port.o
 .data.xNextTaskUnblockTime
                0x2000001c        0x4 ./FreeRTOS/Source/tasks.o
 .data.eMBState
                0x20000020        0x1 ./FreeModbus/mb_m.o
 *fill*         0x20000021        0x3 
 .data.xMasterFuncHandlers
                0x20000024       0x80 ./FreeModbus/mb_m.o
 .data.gLedCnt  0x200000a4        0x2 ./main.o
                0x200000a4                gLedCnt
 *fill*         0x200000a6        0x2 
 .data.cnt.6960
                0x200000a8        0x4 ./main.o
                0x200000ac                . = ALIGN (0x4)
                0x200000ac                _edata = .

.igot.plt       0x200000ac        0x0 load address 0x08005a50
 .igot.plt      0x00000000        0x0 ./bsp/bsp.o
                0x200000ac                . = ALIGN (0x4)

.bss            0x200000b0     0x1884 load address 0x08005a58
                0x200000b0                _sbss = .
                0x200000b0                __bss_start__ = _sbss
 *(.bss)
 *(.bss*)
 .bss.xHeap     0x200000b0     0x1400 ./FreeRTOS/Source/portable/MemMang/heap_1.o
 .bss.xNextFreeByte
                0x200014b0        0x4 ./FreeRTOS/Source/portable/MemMang/heap_1.o
 .bss.pxCurrentTCB
                0x200014b4        0x4 ./FreeRTOS/Source/tasks.o
                0x200014b4                pxCurrentTCB
 .bss.pxReadyTasksLists
                0x200014b8       0x64 ./FreeRTOS/Source/tasks.o
 .bss.xDelayedTaskList1
                0x2000151c       0x14 ./FreeRTOS/Source/tasks.o
 .bss.xDelayedTaskList2
                0x20001530       0x14 ./FreeRTOS/Source/tasks.o
 .bss.pxDelayedTaskList
                0x20001544        0x4 ./FreeRTOS/Source/tasks.o
 .bss.pxOverflowDelayedTaskList
                0x20001548        0x4 ./FreeRTOS/Source/tasks.o
 .bss.xPendingReadyList
                0x2000154c       0x14 ./FreeRTOS/Source/tasks.o
 .bss.xTasksWaitingTermination
                0x20001560       0x14 ./FreeRTOS/Source/tasks.o
 .bss.uxTasksDeleted
                0x20001574        0x4 ./FreeRTOS/Source/tasks.o
 .bss.xSuspendedTaskList
                0x20001578       0x14 ./FreeRTOS/Source/tasks.o
 .bss.uxCurrentNumberOfTasks
                0x2000158c        0x4 ./FreeRTOS/Source/tasks.o
 .bss.xTickCount
                0x20001590        0x4 ./FreeRTOS/Source/tasks.o
 .bss.uxTopUsedPriority
                0x20001594        0x4 ./FreeRTOS/Source/tasks.o
 .bss.uxTopReadyPriority
                0x20001598        0x4 ./FreeRTOS/Source/tasks.o
 .bss.xSchedulerRunning
                0x2000159c        0x4 ./FreeRTOS/Source/tasks.o
 .bss.uxSchedulerSuspended
                0x200015a0        0x4 ./FreeRTOS/Source/tasks.o
 .bss.uxMissedTicks
                0x200015a4        0x4 ./FreeRTOS/Source/tasks.o
 .bss.xMissedYield
                0x200015a8        0x4 ./FreeRTOS/Source/tasks.o
 .bss.xNumOfOverflows
                0x200015ac        0x4 ./FreeRTOS/Source/tasks.o
 .bss.uxTCBNumber
                0x200015b0        0x4 ./FreeRTOS/Source/tasks.o
 .bss.xActiveTimerList1
                0x200015b4       0x14 ./FreeRTOS/Source/timers.o
 .bss.xActiveTimerList2
                0x200015c8       0x14 ./FreeRTOS/Source/timers.o
 .bss.pxCurrentTimerList
                0x200015dc        0x4 ./FreeRTOS/Source/timers.o
 .bss.pxOverflowTimerList
                0x200015e0        0x4 ./FreeRTOS/Source/timers.o
 .bss.xTimerQueue
                0x200015e4        0x4 ./FreeRTOS/Source/timers.o
 .bss.xLastTime.4419
                0x200015e8        0x4 ./FreeRTOS/Source/timers.o
 .bss.eQueuedEvent
                0x200015ec        0x1 ./FreeModbus/stm32/portevent_m.o
 .bss.xEventInQueue
                0x200015ed        0x1 ./FreeModbus/stm32/portevent_m.o
 .bss.xMasterRunRes
                0x200015ee        0x1 ./FreeModbus/stm32/portevent_m.o
 *fill*         0x200015ef        0x1 
 .bss.usT35TimeOut50us
                0x200015f0        0x2 ./FreeModbus/stm32/porttimer_m.o
 .bss.usPrescalerValue
                0x200015f2        0x2 ./FreeModbus/stm32/porttimer_m.o
 .bss.usMDiscInStart
                0x200015f4        0x2 ./FreeModbus/stm32/user_mb_app_m.o
                0x200015f4                usMDiscInStart
 .bss.usMCoilStart
                0x200015f6        0x2 ./FreeModbus/stm32/user_mb_app_m.o
                0x200015f6                usMCoilStart
 .bss.usMRegInStart
                0x200015f8        0x2 ./FreeModbus/stm32/user_mb_app_m.o
                0x200015f8                usMRegInStart
 .bss.usMRegHoldStart
                0x200015fa        0x2 ./FreeModbus/stm32/user_mb_app_m.o
                0x200015fa                usMRegHoldStart
 .bss.eSndState
                0x200015fc        0x1 ./FreeModbus/rtu/mbrtu_m.o
 .bss.eRcvState
                0x200015fd        0x1 ./FreeModbus/rtu/mbrtu_m.o
 *fill*         0x200015fe        0x2 
 .bss.ucMasterRTUSndBuf
                0x20001600      0x100 ./FreeModbus/rtu/mbrtu_m.o
 .bss.ucMasterRTURcvBuf
                0x20001700      0x100 ./FreeModbus/rtu/mbrtu_m.o
 .bss.usMasterSendPDULength
                0x20001800        0x2 ./FreeModbus/rtu/mbrtu_m.o
 *fill*         0x20001802        0x2 
 .bss.pucMasterSndBufferCur
                0x20001804        0x4 ./FreeModbus/rtu/mbrtu_m.o
 .bss.usMasterSndBufferCount
                0x20001808        0x2 ./FreeModbus/rtu/mbrtu_m.o
 .bss.usMasterRcvBufferPos
                0x2000180a        0x2 ./FreeModbus/rtu/mbrtu_m.o
 .bss.xFrameIsBroadcast
                0x2000180c        0x1 ./FreeModbus/rtu/mbrtu_m.o
 .bss.eMasterCurTimerMode
                0x2000180d        0x1 ./FreeModbus/rtu/mbrtu_m.o
 *fill*         0x2000180e        0x2 
 .bss.ucMBSlaveID
                0x20001810       0x20 ./FreeModbus/functions/mbfuncother.o
 .bss.usMBSlaveIDLen
                0x20001830        0x2 ./FreeModbus/functions/mbfuncother.o
 .bss.ucMBMasterDestAddress
                0x20001832        0x1 ./FreeModbus/mb_m.o
 .bss.xMBRunInMasterMode
                0x20001833        0x1 ./FreeModbus/mb_m.o
 .bss.eMBMasterCurErrorType
                0x20001834        0x1 ./FreeModbus/mb_m.o
 *fill*         0x20001835        0x3 
 .bss.peMBMasterFrameSendCur
                0x20001838        0x4 ./FreeModbus/mb_m.o
 .bss.pvMBMasterFrameStartCur
                0x2000183c        0x4 ./FreeModbus/mb_m.o
 .bss.pvMBMasterFrameStopCur
                0x20001840        0x4 ./FreeModbus/mb_m.o
 .bss.peMBMasterFrameReceiveCur
                0x20001844        0x4 ./FreeModbus/mb_m.o
 .bss.pvMBMasterFrameCloseCur
                0x20001848        0x4 ./FreeModbus/mb_m.o
 .bss.ucRcvAddress.6314
                0x2000184c        0x1 ./FreeModbus/mb_m.o
 *fill*         0x2000184d        0x3 
 .bss.ucMBFrame.6313
                0x20001850        0x4 ./FreeModbus/mb_m.o
 .bss.usLength.6316
                0x20001854        0x2 ./FreeModbus/mb_m.o
 .bss.ucFunctionCode.6315
                0x20001856        0x1 ./FreeModbus/mb_m.o
 .bss.eException.6317
                0x20001857        0x1 ./FreeModbus/mb_m.o
 *(COMMON)
 COMMON         0x20001858       0x90 ./FreeModbus/stm32/user_mb_app_m.o
                0x20001858                ucMCoilBuf
                0x20001858                ucMDiscInBuf
                0x20001868                usMRegInBuf
                0x20001868                usMRegHoldBuf
 COMMON         0x200018e8       0x14 ./FreeModbus/mb.o
                0x200018e8                pxMBFrameCBTransmitterEmpty
                0x200018ec                pxMBPortCBTimerExpired
                0x200018f0                pxMBFrameCBByteReceived
                0x200018f4                pxMBFrameCBTransmitFSMCur
                0x200018f8                pxMBFrameCBReceiveFSMCur
 COMMON         0x200018fc       0x14 ./FreeModbus/mb_m.o
                0x200018fc                pxMBMasterFrameCBReceiveFSMCur
                0x20001900                pxMBMasterFrameCBTransmitFSMCur
                0x20001904                pxMBMasterFrameCBTransmitterEmpty
                0x20001908                pxMBMasterFrameCBByteReceived
                0x2000190c                pxMBMasterPortCBTimerExpired
 COMMON         0x20001910       0x24 ./main.o
                0x20001910                DataBuf
                0x20001930                xDataGetQueue
                0x20001934                . = ALIGN (0x4)
                0x20001934                _ebss = .
                0x20001934                __bss_end__ = _ebss
                0x20001934                PROVIDE (end, _ebss)
                0x20001934                PROVIDE (_end, _ebss)

._user_heap_stack
                0x20001934      0x100 load address 0x080072dc
                0x20001934                . = ALIGN (0x4)
                0x20001934                . = (. + MIN_HEAP_SIZE)
                0x20001a34                . = (. + MIN_STACK_SIZE)
 *fill*         0x20001934      0x100 
                0x20001a34                . = ALIGN (0x4)

/DISCARD/
 libc.a(*)
 libm.a(*)
 libgcc.a(*)
OUTPUT(Snack_stm32_drv_modbus.elf elf32-littlearm)

.debug_info     0x00000000     0xacc3
 .debug_info    0x00000000      0x24e ./bsp/bsp.o
 .debug_info    0x0000024e      0x1e8 ./bsp/led.o
 .debug_info    0x00000436      0x4db ./Libraries/StdPeripheralDriver/src/misc.o
 .debug_info    0x00000911      0x6b8 ./Libraries/StdPeripheralDriver/src/stm32f10x_gpio.o
 .debug_info    0x00000fc9      0x8cb ./Libraries/StdPeripheralDriver/src/stm32f10x_rcc.o
 .debug_info    0x00001894     0x1c29 ./Libraries/StdPeripheralDriver/src/stm32f10x_tim.o
 .debug_info    0x000034bd      0x9b9 ./Libraries/StdPeripheralDriver/src/stm32f10x_usart.o
 .debug_info    0x00003e76       0x81 ./Libraries/CMSIS/startup_stm32f10x_md_vl.o
 .debug_info    0x00003ef7      0x3bc ./Libraries/CMSIS/system_stm32f10x.o
 .debug_info    0x000042b3      0x16d ./FreeRTOS/Source/portable/MemMang/heap_1.o
 .debug_info    0x00004420      0x1b8 ./FreeRTOS/Source/portable/GCC/ARM_CM3/port.o
 .debug_info    0x000045d8      0x287 ./FreeRTOS/Source/list.o
 .debug_info    0x0000485f      0x820 ./FreeRTOS/Source/queue.o
 .debug_info    0x0000507f      0xd2e ./FreeRTOS/Source/tasks.o
 .debug_info    0x00005dad      0x6e0 ./FreeRTOS/Source/timers.o
 .debug_info    0x0000648d      0x3a9 ./FreeModbus/stm32/portevent_m.o
 .debug_info    0x00006836      0x65e ./FreeModbus/stm32/portserial_m.o
 .debug_info    0x00006e94      0x614 ./FreeModbus/stm32/porttimer.o
 .debug_info    0x000074a8      0x690 ./FreeModbus/stm32/porttimer_m.o
 .debug_info    0x00007b38      0x4b2 ./FreeModbus/stm32/user_mb_app_m.o
 .debug_info    0x00007fea      0x152 ./FreeModbus/rtu/mbcrc.o
 .debug_info    0x0000813c      0x5bd ./FreeModbus/rtu/mbrtu_m.o
 .debug_info    0x000086f9      0x523 ./FreeModbus/functions/mbfunccoils_m.o
 .debug_info    0x00008c1c      0x2de ./FreeModbus/functions/mbfuncdisc_m.o
 .debug_info    0x00008efa      0x629 ./FreeModbus/functions/mbfuncholding_m.o
 .debug_info    0x00009523      0x2d0 ./FreeModbus/functions/mbfuncinput_m.o
 .debug_info    0x000097f3      0x244 ./FreeModbus/functions/mbfuncother.o
 .debug_info    0x00009a37      0x290 ./FreeModbus/functions/mbutils.o
 .debug_info    0x00009cc7      0x5d2 ./FreeModbus/mb.o
 .debug_info    0x0000a299      0x695 ./FreeModbus/mb_m.o
 .debug_info    0x0000a92e      0x395 ./main.o

.debug_abbrev   0x00000000     0x248d
 .debug_abbrev  0x00000000       0xe3 ./bsp/bsp.o
 .debug_abbrev  0x000000e3      0x11a ./bsp/led.o
 .debug_abbrev  0x000001fd      0x159 ./Libraries/StdPeripheralDriver/src/misc.o
 .debug_abbrev  0x00000356      0x1cd ./Libraries/StdPeripheralDriver/src/stm32f10x_gpio.o
 .debug_abbrev  0x00000523      0x1bf ./Libraries/StdPeripheralDriver/src/stm32f10x_rcc.o
 .debug_abbrev  0x000006e2      0x1b5 ./Libraries/StdPeripheralDriver/src/stm32f10x_tim.o
 .debug_abbrev  0x00000897      0x167 ./Libraries/StdPeripheralDriver/src/stm32f10x_usart.o
 .debug_abbrev  0x000009fe       0x12 ./Libraries/CMSIS/startup_stm32f10x_md_vl.o
 .debug_abbrev  0x00000a10      0x17c ./Libraries/CMSIS/system_stm32f10x.o
 .debug_abbrev  0x00000b8c      0x10b ./FreeRTOS/Source/portable/MemMang/heap_1.o
 .debug_abbrev  0x00000c97      0x11d ./FreeRTOS/Source/portable/GCC/ARM_CM3/port.o
 .debug_abbrev  0x00000db4       0xbf ./FreeRTOS/Source/list.o
 .debug_abbrev  0x00000e73      0x181 ./FreeRTOS/Source/queue.o
 .debug_abbrev  0x00000ff4      0x1d2 ./FreeRTOS/Source/tasks.o
 .debug_abbrev  0x000011c6      0x178 ./FreeRTOS/Source/timers.o
 .debug_abbrev  0x0000133e      0x145 ./FreeModbus/stm32/portevent_m.o
 .debug_abbrev  0x00001483      0x186 ./FreeModbus/stm32/portserial_m.o
 .debug_abbrev  0x00001609      0x15f ./FreeModbus/stm32/porttimer.o
 .debug_abbrev  0x00001768      0x186 ./FreeModbus/stm32/porttimer_m.o
 .debug_abbrev  0x000018ee       0xd5 ./FreeModbus/stm32/user_mb_app_m.o
 .debug_abbrev  0x000019c3       0xae ./FreeModbus/rtu/mbcrc.o
 .debug_abbrev  0x00001a71      0x14a ./FreeModbus/rtu/mbrtu_m.o
 .debug_abbrev  0x00001bbb       0xf7 ./FreeModbus/functions/mbfunccoils_m.o
 .debug_abbrev  0x00001cb2       0xab ./FreeModbus/functions/mbfuncdisc_m.o
 .debug_abbrev  0x00001d5d       0xe5 ./FreeModbus/functions/mbfuncholding_m.o
 .debug_abbrev  0x00001e42       0xab ./FreeModbus/functions/mbfuncinput_m.o
 .debug_abbrev  0x00001eed       0xc4 ./FreeModbus/functions/mbfuncother.o
 .debug_abbrev  0x00001fb1       0xc5 ./FreeModbus/functions/mbutils.o
 .debug_abbrev  0x00002076      0x15c ./FreeModbus/mb.o
 .debug_abbrev  0x000021d2      0x174 ./FreeModbus/mb_m.o
 .debug_abbrev  0x00002346      0x147 ./main.o

.debug_aranges  0x00000000      0xe80
 .debug_aranges
                0x00000000       0x28 ./bsp/bsp.o
 .debug_aranges
                0x00000028       0x40 ./bsp/led.o
 .debug_aranges
                0x00000068       0x40 ./Libraries/StdPeripheralDriver/src/misc.o
 .debug_aranges
                0x000000a8       0xa8 ./Libraries/StdPeripheralDriver/src/stm32f10x_gpio.o
 .debug_aranges
                0x00000150      0x120 ./Libraries/StdPeripheralDriver/src/stm32f10x_rcc.o
 .debug_aranges
                0x00000270      0x2f0 ./Libraries/StdPeripheralDriver/src/stm32f10x_tim.o
 .debug_aranges
                0x00000560      0x100 ./Libraries/StdPeripheralDriver/src/stm32f10x_usart.o
 .debug_aranges
                0x00000660       0x28 ./Libraries/CMSIS/startup_stm32f10x_md_vl.o
 .debug_aranges
                0x00000688       0x38 ./Libraries/CMSIS/system_stm32f10x.o
 .debug_aranges
                0x000006c0       0x38 ./FreeRTOS/Source/portable/MemMang/heap_1.o
 .debug_aranges
                0x000006f8       0x70 ./FreeRTOS/Source/portable/GCC/ARM_CM3/port.o
 .debug_aranges
                0x00000768       0x40 ./FreeRTOS/Source/list.o
 .debug_aranges
                0x000007a8       0xb0 ./FreeRTOS/Source/queue.o
 .debug_aranges
                0x00000858      0x138 ./FreeRTOS/Source/tasks.o
 .debug_aranges
                0x00000990       0x88 ./FreeRTOS/Source/timers.o
 .debug_aranges
                0x00000a18       0x70 ./FreeModbus/stm32/portevent_m.o
 .debug_aranges
                0x00000a88       0x58 ./FreeModbus/stm32/portserial_m.o
 .debug_aranges
                0x00000ae0       0x40 ./FreeModbus/stm32/porttimer.o
 .debug_aranges
                0x00000b20       0x50 ./FreeModbus/stm32/porttimer_m.o
 .debug_aranges
                0x00000b70       0x38 ./FreeModbus/stm32/user_mb_app_m.o
 .debug_aranges
                0x00000ba8       0x20 ./FreeModbus/rtu/mbcrc.o
 .debug_aranges
                0x00000bc8       0x88 ./FreeModbus/rtu/mbrtu_m.o
 .debug_aranges
                0x00000c50       0x48 ./FreeModbus/functions/mbfunccoils_m.o
 .debug_aranges
                0x00000c98       0x28 ./FreeModbus/functions/mbfuncdisc_m.o
 .debug_aranges
                0x00000cc0       0x58 ./FreeModbus/functions/mbfuncholding_m.o
 .debug_aranges
                0x00000d18       0x28 ./FreeModbus/functions/mbfuncinput_m.o
 .debug_aranges
                0x00000d40       0x28 ./FreeModbus/functions/mbfuncother.o
 .debug_aranges
                0x00000d68       0x30 ./FreeModbus/functions/mbutils.o
 .debug_aranges
                0x00000d98       0x48 ./FreeModbus/mb.o
 .debug_aranges
                0x00000de0       0x70 ./FreeModbus/mb_m.o
 .debug_aranges
                0x00000e50       0x30 ./main.o

.debug_ranges   0x00000000      0xc98
 .debug_ranges  0x00000000       0x18 ./bsp/bsp.o
 .debug_ranges  0x00000018       0x30 ./bsp/led.o
 .debug_ranges  0x00000048       0x30 ./Libraries/StdPeripheralDriver/src/misc.o
 .debug_ranges  0x00000078       0x98 ./Libraries/StdPeripheralDriver/src/stm32f10x_gpio.o
 .debug_ranges  0x00000110      0x110 ./Libraries/StdPeripheralDriver/src/stm32f10x_rcc.o
 .debug_ranges  0x00000220      0x2e0 ./Libraries/StdPeripheralDriver/src/stm32f10x_tim.o
 .debug_ranges  0x00000500       0xf0 ./Libraries/StdPeripheralDriver/src/stm32f10x_usart.o
 .debug_ranges  0x000005f0       0x20 ./Libraries/CMSIS/startup_stm32f10x_md_vl.o
 .debug_ranges  0x00000610       0x28 ./Libraries/CMSIS/system_stm32f10x.o
 .debug_ranges  0x00000638       0x28 ./FreeRTOS/Source/portable/MemMang/heap_1.o
 .debug_ranges  0x00000660       0x60 ./FreeRTOS/Source/portable/GCC/ARM_CM3/port.o
 .debug_ranges  0x000006c0       0x30 ./FreeRTOS/Source/list.o
 .debug_ranges  0x000006f0       0xa0 ./FreeRTOS/Source/queue.o
 .debug_ranges  0x00000790      0x128 ./FreeRTOS/Source/tasks.o
 .debug_ranges  0x000008b8       0x78 ./FreeRTOS/Source/timers.o
 .debug_ranges  0x00000930       0x60 ./FreeModbus/stm32/portevent_m.o
 .debug_ranges  0x00000990       0x48 ./FreeModbus/stm32/portserial_m.o
 .debug_ranges  0x000009d8       0x30 ./FreeModbus/stm32/porttimer.o
 .debug_ranges  0x00000a08       0x40 ./FreeModbus/stm32/porttimer_m.o
 .debug_ranges  0x00000a48       0x28 ./FreeModbus/stm32/user_mb_app_m.o
 .debug_ranges  0x00000a70       0x10 ./FreeModbus/rtu/mbcrc.o
 .debug_ranges  0x00000a80       0x78 ./FreeModbus/rtu/mbrtu_m.o
 .debug_ranges  0x00000af8       0x38 ./FreeModbus/functions/mbfunccoils_m.o
 .debug_ranges  0x00000b30       0x18 ./FreeModbus/functions/mbfuncdisc_m.o
 .debug_ranges  0x00000b48       0x48 ./FreeModbus/functions/mbfuncholding_m.o
 .debug_ranges  0x00000b90       0x18 ./FreeModbus/functions/mbfuncinput_m.o
 .debug_ranges  0x00000ba8       0x18 ./FreeModbus/functions/mbfuncother.o
 .debug_ranges  0x00000bc0       0x20 ./FreeModbus/functions/mbutils.o
 .debug_ranges  0x00000be0       0x38 ./FreeModbus/mb.o
 .debug_ranges  0x00000c18       0x60 ./FreeModbus/mb_m.o
 .debug_ranges  0x00000c78       0x20 ./main.o

.debug_macro    0x00000000     0xf4f8
 .debug_macro   0x00000000      0x110 ./bsp/bsp.o
 .debug_macro   0x00000110      0x856 ./bsp/bsp.o
 .debug_macro   0x00000966       0x56 ./bsp/bsp.o
 .debug_macro   0x000009bc       0x22 ./bsp/bsp.o
 .debug_macro   0x000009de       0x52 ./bsp/bsp.o
 .debug_macro   0x00000a30       0x16 ./bsp/bsp.o
 .debug_macro   0x00000a46       0x35 ./bsp/bsp.o
 .debug_macro   0x00000a7b       0xa2 ./bsp/bsp.o
 .debug_macro   0x00000b1d      0x20e ./bsp/bsp.o
 .debug_macro   0x00000d2b      0x69f ./bsp/bsp.o
 .debug_macro   0x000013ca     0x7ea5 ./bsp/bsp.o
 .debug_macro   0x0000926f       0x10 ./bsp/bsp.o
 .debug_macro   0x0000927f       0x35 ./bsp/bsp.o
 .debug_macro   0x000092b4       0x10 ./bsp/bsp.o
 .debug_macro   0x000092c4       0x1c ./bsp/bsp.o
 .debug_macro   0x000092e0       0x28 ./bsp/bsp.o
 .debug_macro   0x00009308      0x2ac ./bsp/bsp.o
 .debug_macro   0x000095b4      0x461 ./bsp/bsp.o
 .debug_macro   0x00009a15      0x142 ./bsp/bsp.o
 .debug_macro   0x00009b57       0x3a ./bsp/bsp.o
 .debug_macro   0x00009b91       0x52 ./bsp/bsp.o
 .debug_macro   0x00009be3       0x40 ./bsp/bsp.o
 .debug_macro   0x00009c23       0x3a ./bsp/bsp.o
 .debug_macro   0x00009c5d      0x220 ./bsp/bsp.o
 .debug_macro   0x00009e7d       0xc5 ./bsp/led.o
 .debug_macro   0x00009f42       0xb0 ./Libraries/StdPeripheralDriver/src/misc.o
 .debug_macro   0x00009ff2       0x85 ./Libraries/StdPeripheralDriver/src/misc.o
 .debug_macro   0x0000a077      0x101 ./Libraries/StdPeripheralDriver/src/stm32f10x_gpio.o
 .debug_macro   0x0000a178      0x2a6 ./Libraries/StdPeripheralDriver/src/stm32f10x_gpio.o
 .debug_macro   0x0000a41e      0x1d4 ./Libraries/StdPeripheralDriver/src/stm32f10x_rcc.o
 .debug_macro   0x0000a5f2      0x45b ./Libraries/StdPeripheralDriver/src/stm32f10x_rcc.o
 .debug_macro   0x0000aa4d       0xcb ./Libraries/StdPeripheralDriver/src/stm32f10x_tim.o
 .debug_macro   0x0000ab18      0x70b ./Libraries/StdPeripheralDriver/src/stm32f10x_tim.o
 .debug_macro   0x0000b223      0x167 ./Libraries/StdPeripheralDriver/src/stm32f10x_usart.o
 .debug_macro   0x0000b38a      0x21a ./Libraries/StdPeripheralDriver/src/stm32f10x_usart.o
 .debug_macro   0x0000b5a4       0xa8 ./Libraries/CMSIS/system_stm32f10x.o
 .debug_macro   0x0000b64c      0x137 ./FreeRTOS/Source/portable/MemMang/heap_1.o
 .debug_macro   0x0000b783       0x16 ./FreeRTOS/Source/portable/MemMang/heap_1.o
 .debug_macro   0x0000b799      0x10e ./FreeRTOS/Source/portable/MemMang/heap_1.o
 .debug_macro   0x0000b8a7       0x3a ./FreeRTOS/Source/portable/MemMang/heap_1.o
 .debug_macro   0x0000b8e1       0x52 ./FreeRTOS/Source/portable/MemMang/heap_1.o
 .debug_macro   0x0000b933       0x16 ./FreeRTOS/Source/portable/MemMang/heap_1.o
 .debug_macro   0x0000b949       0x19 ./FreeRTOS/Source/portable/MemMang/heap_1.o
 .debug_macro   0x0000b962      0x19c ./FreeRTOS/Source/portable/MemMang/heap_1.o
 .debug_macro   0x0000bafe       0x16 ./FreeRTOS/Source/portable/MemMang/heap_1.o
 .debug_macro   0x0000bb14       0x23 ./FreeRTOS/Source/portable/MemMang/heap_1.o
 .debug_macro   0x0000bb37       0x7f ./FreeRTOS/Source/portable/MemMang/heap_1.o
 .debug_macro   0x0000bbb6       0x46 ./FreeRTOS/Source/portable/MemMang/heap_1.o
 .debug_macro   0x0000bbfc      0x113 ./FreeRTOS/Source/portable/MemMang/heap_1.o
 .debug_macro   0x0000bd0f       0x12 ./FreeRTOS/Source/portable/MemMang/heap_1.o
 .debug_macro   0x0000bd21       0x1e ./FreeRTOS/Source/portable/MemMang/heap_1.o
 .debug_macro   0x0000bd3f      0x1a8 ./FreeRTOS/Source/portable/MemMang/heap_1.o
 .debug_macro   0x0000bee7       0x48 ./FreeRTOS/Source/portable/MemMang/heap_1.o
 .debug_macro   0x0000bf2f       0x56 ./FreeRTOS/Source/portable/MemMang/heap_1.o
 .debug_macro   0x0000bf85       0xb8 ./FreeRTOS/Source/portable/GCC/ARM_CM3/port.o
 .debug_macro   0x0000c03d      0x166 ./FreeRTOS/Source/portable/GCC/ARM_CM3/port.o
 .debug_macro   0x0000c1a3      0x11c ./FreeRTOS/Source/list.o
 .debug_macro   0x0000c2bf      0x1ec ./FreeRTOS/Source/queue.o
 .debug_macro   0x0000c4ab      0x214 ./FreeRTOS/Source/queue.o
 .debug_macro   0x0000c6bf      0x29f ./FreeRTOS/Source/queue.o
 .debug_macro   0x0000c95e       0x10 ./FreeRTOS/Source/queue.o
 .debug_macro   0x0000c96e       0x35 ./FreeRTOS/Source/queue.o
 .debug_macro   0x0000c9a3       0x1f ./FreeRTOS/Source/queue.o
 .debug_macro   0x0000c9c2      0x229 ./FreeRTOS/Source/tasks.o
 .debug_macro   0x0000cbeb       0x16 ./FreeRTOS/Source/tasks.o
 .debug_macro   0x0000cc01       0x97 ./FreeRTOS/Source/tasks.o
 .debug_macro   0x0000cc98       0x10 ./FreeRTOS/Source/tasks.o
 .debug_macro   0x0000cca8       0x10 ./FreeRTOS/Source/tasks.o
 .debug_macro   0x0000ccb8       0xef ./FreeRTOS/Source/tasks.o
 .debug_macro   0x0000cda7       0x22 ./FreeRTOS/Source/tasks.o
 .debug_macro   0x0000cdc9       0xbd ./FreeRTOS/Source/tasks.o
 .debug_macro   0x0000ce86       0x16 ./FreeRTOS/Source/tasks.o
 .debug_macro   0x0000ce9c      0x15c ./FreeRTOS/Source/tasks.o
 .debug_macro   0x0000cff8       0x5b ./FreeRTOS/Source/tasks.o
 .debug_macro   0x0000d053       0x16 ./FreeRTOS/Source/tasks.o
 .debug_macro   0x0000d069       0xa4 ./FreeRTOS/Source/timers.o
 .debug_macro   0x0000d10d       0x8f ./FreeRTOS/Source/timers.o
 .debug_macro   0x0000d19c      0x123 ./FreeModbus/stm32/portevent_m.o
 .debug_macro   0x0000d2bf       0x10 ./FreeModbus/stm32/portevent_m.o
 .debug_macro   0x0000d2cf      0x135 ./FreeModbus/stm32/portserial_m.o
 .debug_macro   0x0000d404      0x14d ./FreeModbus/stm32/porttimer.o
 .debug_macro   0x0000d551      0x711 ./FreeModbus/stm32/porttimer.o
 .debug_macro   0x0000dc62      0x156 ./FreeModbus/stm32/porttimer_m.o
 .debug_macro   0x0000ddb8      0x13d ./FreeModbus/stm32/user_mb_app_m.o
 .debug_macro   0x0000def5       0xef ./FreeModbus/rtu/mbcrc.o
 .debug_macro   0x0000dfe4      0x1fe ./FreeModbus/rtu/mbrtu_m.o
 .debug_macro   0x0000e1e2      0x24a ./FreeModbus/functions/mbfunccoils_m.o
 .debug_macro   0x0000e42c      0x1f0 ./FreeModbus/functions/mbfuncdisc_m.o
 .debug_macro   0x0000e61c      0x28c ./FreeModbus/functions/mbfuncholding_m.o
 .debug_macro   0x0000e8a8      0x1f6 ./FreeModbus/functions/mbfuncinput_m.o
 .debug_macro   0x0000ea9e      0x1c3 ./FreeModbus/functions/mbfuncother.o
 .debug_macro   0x0000ec61      0x1c0 ./FreeModbus/functions/mbutils.o
 .debug_macro   0x0000ee21      0x1d7 ./FreeModbus/mb.o
 .debug_macro   0x0000eff8      0x1ea ./FreeModbus/mb_m.o
 .debug_macro   0x0000f1e2      0x2ad ./main.o
 .debug_macro   0x0000f48f       0x69 ./main.o

.debug_line     0x00000000     0x8bdc
 .debug_line    0x00000000      0x310 ./bsp/bsp.o
 .debug_line    0x00000310      0x2bb ./bsp/led.o
 .debug_line    0x000005cb      0x278 ./Libraries/StdPeripheralDriver/src/misc.o
 .debug_line    0x00000843      0x3f5 ./Libraries/StdPeripheralDriver/src/stm32f10x_gpio.o
 .debug_line    0x00000c38      0x508 ./Libraries/StdPeripheralDriver/src/stm32f10x_rcc.o
 .debug_line    0x00001140      0xac8 ./Libraries/StdPeripheralDriver/src/stm32f10x_tim.o
 .debug_line    0x00001c08      0x4ce ./Libraries/StdPeripheralDriver/src/stm32f10x_usart.o
 .debug_line    0x000020d6       0x88 ./Libraries/CMSIS/startup_stm32f10x_md_vl.o
 .debug_line    0x0000215e      0x218 ./Libraries/CMSIS/system_stm32f10x.o
 .debug_line    0x00002376      0x317 ./FreeRTOS/Source/portable/MemMang/heap_1.o
 .debug_line    0x0000268d      0x28d ./FreeRTOS/Source/portable/GCC/ARM_CM3/port.o
 .debug_line    0x0000291a      0x322 ./FreeRTOS/Source/list.o
 .debug_line    0x00002c3c      0x691 ./FreeRTOS/Source/queue.o
 .debug_line    0x000032cd      0x952 ./FreeRTOS/Source/tasks.o
 .debug_line    0x00003c1f      0x388 ./FreeRTOS/Source/timers.o
 .debug_line    0x00003fa7      0x44e ./FreeModbus/stm32/portevent_m.o
 .debug_line    0x000043f5      0x43c ./FreeModbus/stm32/portserial_m.o
 .debug_line    0x00004831      0x46f ./FreeModbus/stm32/porttimer.o
 .debug_line    0x00004ca0      0x4b3 ./FreeModbus/stm32/porttimer_m.o
 .debug_line    0x00005153      0x45a ./FreeModbus/stm32/user_mb_app_m.o
 .debug_line    0x000055ad      0x331 ./FreeModbus/rtu/mbcrc.o
 .debug_line    0x000058de      0x599 ./FreeModbus/rtu/mbrtu_m.o
 .debug_line    0x00005e77      0x569 ./FreeModbus/functions/mbfunccoils_m.o
 .debug_line    0x000063e0      0x479 ./FreeModbus/functions/mbfuncdisc_m.o
 .debug_line    0x00006859      0x590 ./FreeModbus/functions/mbfuncholding_m.o
 .debug_line    0x00006de9      0x477 ./FreeModbus/functions/mbfuncinput_m.o
 .debug_line    0x00007260      0x453 ./FreeModbus/functions/mbfuncother.o
 .debug_line    0x000076b3      0x44b ./FreeModbus/functions/mbutils.o
 .debug_line    0x00007afe      0x515 ./FreeModbus/mb.o
 .debug_line    0x00008013      0x5a3 ./FreeModbus/mb_m.o
 .debug_line    0x000085b6      0x626 ./main.o

.debug_str      0x00000000    0x4b339
 .debug_str     0x00000000    0x38475 ./bsp/bsp.o
                              0x385bf (size before relaxing)
 .debug_str     0x00038475       0x44 ./bsp/led.o
                              0x36bf0 (size before relaxing)
 .debug_str     0x000384b9      0x711 ./Libraries/StdPeripheralDriver/src/misc.o
                              0x31ff9 (size before relaxing)
 .debug_str     0x00038bca      0x5ab ./Libraries/StdPeripheralDriver/src/stm32f10x_gpio.o
                              0x35f43 (size before relaxing)
 .debug_str     0x00039175      0xb92 ./Libraries/StdPeripheralDriver/src/stm32f10x_rcc.o
                              0x34903 (size before relaxing)
 .debug_str     0x00039d07     0x548d ./Libraries/StdPeripheralDriver/src/stm32f10x_tim.o
                              0x391ec (size before relaxing)
 .debug_str     0x0003f194      0x7fd ./Libraries/StdPeripheralDriver/src/stm32f10x_usart.o
                              0x359e4 (size before relaxing)
 .debug_str     0x0003f991       0xa2 ./Libraries/CMSIS/system_stm32f10x.o
                              0x31a65 (size before relaxing)
 .debug_str     0x0003fa33     0x3562 ./FreeRTOS/Source/portable/MemMang/heap_1.o
                               0x5ea8 (size before relaxing)
 .debug_str     0x00042f95      0x377 ./FreeRTOS/Source/portable/GCC/ARM_CM3/port.o
                               0x4658 (size before relaxing)
 .debug_str     0x0004330c      0x138 ./FreeRTOS/Source/list.o
                               0x5bc2 (size before relaxing)
 .debug_str     0x00043444     0x1631 ./FreeRTOS/Source/queue.o
                               0x7ced (size before relaxing)
 .debug_str     0x00044a75     0x1bfa ./FreeRTOS/Source/tasks.o
                               0x9242 (size before relaxing)
 .debug_str     0x0004666f      0xaab ./FreeRTOS/Source/timers.o
                               0x550e (size before relaxing)
 .debug_str     0x0004711a     0x1833 ./FreeModbus/stm32/portevent_m.o
                              0x35a61 (size before relaxing)
 .debug_str     0x0004894d      0x461 ./FreeModbus/stm32/portserial_m.o
                              0x3935e (size before relaxing)
 .debug_str     0x00048dae       0xbf ./FreeModbus/stm32/porttimer.o
                              0x3d886 (size before relaxing)
 .debug_str     0x00048e6d      0x15a ./FreeModbus/stm32/porttimer_m.o
                              0x3d966 (size before relaxing)
 .debug_str     0x00048fc7      0x494 ./FreeModbus/stm32/user_mb_app_m.o
                              0x35b6c (size before relaxing)
 .debug_str     0x0004945b       0x4c ./FreeModbus/rtu/mbcrc.o
                              0x35473 (size before relaxing)
 .debug_str     0x000494a7      0x3e9 ./FreeModbus/rtu/mbrtu_m.o
                              0x3840c (size before relaxing)
 .debug_str     0x00049890      0x604 ./FreeModbus/functions/mbfunccoils_m.o
                              0x38635 (size before relaxing)
 .debug_str     0x00049e94      0x103 ./FreeModbus/functions/mbfuncdisc_m.o
                              0x382cc (size before relaxing)
 .debug_str     0x00049f97      0x661 ./FreeModbus/functions/mbfuncholding_m.o
                              0x3898b (size before relaxing)
 .debug_str     0x0004a5f8       0x9a ./FreeModbus/functions/mbfuncinput_m.o
                              0x382e8 (size before relaxing)
 .debug_str     0x0004a692       0x97 ./FreeModbus/functions/mbfuncother.o
                              0x37ffd (size before relaxing)
 .debug_str     0x0004a729       0xc6 ./FreeModbus/functions/mbutils.o
                              0x37fb2 (size before relaxing)
 .debug_str     0x0004a7ef      0x237 ./FreeModbus/mb.o
                              0x38284 (size before relaxing)
 .debug_str     0x0004aa26      0x233 ./FreeModbus/mb_m.o
                              0x384ec (size before relaxing)
 .debug_str     0x0004ac59      0x6e0 ./main.o
                              0x3f4c5 (size before relaxing)

.comment        0x00000000       0x30
 .comment       0x00000000       0x30 ./bsp/bsp.o
                                 0x31 (size before relaxing)
 .comment       0x00000000       0x31 ./bsp/led.o
 .comment       0x00000000       0x31 ./Libraries/StdPeripheralDriver/src/misc.o
 .comment       0x00000000       0x31 ./Libraries/StdPeripheralDriver/src/stm32f10x_gpio.o
 .comment       0x00000000       0x31 ./Libraries/StdPeripheralDriver/src/stm32f10x_rcc.o
 .comment       0x00000000       0x31 ./Libraries/StdPeripheralDriver/src/stm32f10x_tim.o
 .comment       0x00000000       0x31 ./Libraries/StdPeripheralDriver/src/stm32f10x_usart.o
 .comment       0x00000000       0x31 ./Libraries/CMSIS/system_stm32f10x.o
 .comment       0x00000000       0x31 ./FreeRTOS/Source/portable/MemMang/heap_1.o
 .comment       0x00000000       0x31 ./FreeRTOS/Source/portable/GCC/ARM_CM3/port.o
 .comment       0x00000000       0x31 ./FreeRTOS/Source/list.o
 .comment       0x00000000       0x31 ./FreeRTOS/Source/queue.o
 .comment       0x00000000       0x31 ./FreeRTOS/Source/tasks.o
 .comment       0x00000000       0x31 ./FreeRTOS/Source/timers.o
 .comment       0x00000000       0x31 ./FreeModbus/stm32/portevent_m.o
 .comment       0x00000000       0x31 ./FreeModbus/stm32/portserial_m.o
 .comment       0x00000000       0x31 ./FreeModbus/stm32/porttimer.o
 .comment       0x00000000       0x31 ./FreeModbus/stm32/porttimer_m.o
 .comment       0x00000000       0x31 ./FreeModbus/stm32/user_mb_app_m.o
 .comment       0x00000000       0x31 ./FreeModbus/rtu/mbcrc.o
 .comment       0x00000000       0x31 ./FreeModbus/rtu/mbrtu_m.o
 .comment       0x00000000       0x31 ./FreeModbus/functions/mbfunccoils_m.o
 .comment       0x00000000       0x31 ./FreeModbus/functions/mbfuncdisc_m.o
 .comment       0x00000000       0x31 ./FreeModbus/functions/mbfuncholding_m.o
 .comment       0x00000000       0x31 ./FreeModbus/functions/mbfuncinput_m.o
 .comment       0x00000000       0x31 ./FreeModbus/functions/mbfuncother.o
 .comment       0x00000000       0x31 ./FreeModbus/functions/mbutils.o
 .comment       0x00000000       0x31 ./FreeModbus/mb.o
 .comment       0x00000000       0x31 ./FreeModbus/mb_m.o
 .comment       0x00000000       0x31 ./main.o

.debug_frame    0x00000000     0x2ca4
 .debug_frame   0x00000000       0x4c ./bsp/bsp.o
 .debug_frame   0x0000004c       0xa4 ./bsp/led.o
 .debug_frame   0x000000f0       0x9c ./Libraries/StdPeripheralDriver/src/misc.o
 .debug_frame   0x0000018c      0x210 ./Libraries/StdPeripheralDriver/src/stm32f10x_gpio.o
 .debug_frame   0x0000039c      0x3b0 ./Libraries/StdPeripheralDriver/src/stm32f10x_rcc.o
 .debug_frame   0x0000074c      0xa20 ./Libraries/StdPeripheralDriver/src/stm32f10x_tim.o
 .debug_frame   0x0000116c      0x344 ./Libraries/StdPeripheralDriver/src/stm32f10x_usart.o
 .debug_frame   0x000014b0       0x80 ./Libraries/CMSIS/system_stm32f10x.o
 .debug_frame   0x00001530       0x84 ./FreeRTOS/Source/portable/MemMang/heap_1.o
 .debug_frame   0x000015b4      0x124 ./FreeRTOS/Source/portable/GCC/ARM_CM3/port.o
 .debug_frame   0x000016d8       0x9c ./FreeRTOS/Source/list.o
 .debug_frame   0x00001774      0x25c ./FreeRTOS/Source/queue.o
 .debug_frame   0x000019d0      0x46c ./FreeRTOS/Source/tasks.o
 .debug_frame   0x00001e3c      0x1c4 ./FreeRTOS/Source/timers.o
 .debug_frame   0x00002000      0x154 ./FreeModbus/stm32/portevent_m.o
 .debug_frame   0x00002154      0x100 ./FreeModbus/stm32/portserial_m.o
 .debug_frame   0x00002254       0xa0 ./FreeModbus/stm32/porttimer.o
 .debug_frame   0x000022f4       0xe4 ./FreeModbus/stm32/porttimer_m.o
 .debug_frame   0x000023d8       0x94 ./FreeModbus/stm32/user_mb_app_m.o
 .debug_frame   0x0000246c       0x2c ./FreeModbus/rtu/mbcrc.o
 .debug_frame   0x00002498      0x1b0 ./FreeModbus/rtu/mbrtu_m.o
 .debug_frame   0x00002648       0xd0 ./FreeModbus/functions/mbfunccoils_m.o
 .debug_frame   0x00002718       0x50 ./FreeModbus/functions/mbfuncdisc_m.o
 .debug_frame   0x00002768      0x110 ./FreeModbus/functions/mbfuncholding_m.o
 .debug_frame   0x00002878       0x50 ./FreeModbus/functions/mbfuncinput_m.o
 .debug_frame   0x000028c8       0x50 ./FreeModbus/functions/mbfuncother.o
 .debug_frame   0x00002918       0x64 ./FreeModbus/functions/mbutils.o
 .debug_frame   0x0000297c       0xd4 ./FreeModbus/mb.o
 .debug_frame   0x00002a50      0x160 ./FreeModbus/mb_m.o
 .debug_frame   0x00002bb0       0x70 ./main.o
 .debug_frame   0x00002c20       0x2c c:/tools/bin/../lib/gcc/arm-none-eabi/4.8.1/../../../../arm-none-eabi/lib/thumb2\libc.a(lib_a-memcpy-stub.o)
 .debug_frame   0x00002c4c       0x2c c:/tools/bin/../lib/gcc/arm-none-eabi/4.8.1/../../../../arm-none-eabi/lib/thumb2\libc.a(lib_a-memset.o)
 .debug_frame   0x00002c78       0x2c c:/tools/bin/../lib/gcc/arm-none-eabi/4.8.1/../../../../arm-none-eabi/lib/thumb2\libc.a(lib_a-strncpy.o)
