Archive member included because of file (symbol)

c:/tools/bin/../lib/gcc/arm-none-eabi/4.8.1/../../../../arm-none-eabi/lib/thumb2\libc.a(lib_a-errno.o)
                              ./syscalls.o (__errno)
c:/tools/bin/../lib/gcc/arm-none-eabi/4.8.1/../../../../arm-none-eabi/lib/thumb2\libc.a(lib_a-impure.o)
                              c:/tools/bin/../lib/gcc/arm-none-eabi/4.8.1/../../../../arm-none-eabi/lib/thumb2\libc.a(lib_a-errno.o) (_impure_ptr)
c:/tools/bin/../lib/gcc/arm-none-eabi/4.8.1/../../../../arm-none-eabi/lib/thumb2\libc.a(lib_a-memcpy-stub.o)
                              ./FreeRTOS/Source/queue.o (memcpy)
c:/tools/bin/../lib/gcc/arm-none-eabi/4.8.1/../../../../arm-none-eabi/lib/thumb2\libc.a(lib_a-memset.o)
                              ./FreeRTOS/Source/tasks.o (memset)
c:/tools/bin/../lib/gcc/arm-none-eabi/4.8.1/../../../../arm-none-eabi/lib/thumb2\libc.a(lib_a-strncpy.o)
                              ./FreeRTOS/Source/tasks.o (strncpy)

Allocating common symbols
Common symbol       size              file

ucMDiscInBuf        0x0               ./FreeModbus/stm32/user_mb_app_m.o
pxMBFrameCBTransmitterEmpty
                    0x4               ./FreeModbus/mb.o
pxMBPortCBTimerExpired
                    0x4               ./FreeModbus/mb.o
xMasterOsEvent      0x4               ./FreeModbus/stm32/portevent_m.o
DataBuf             0x1e              ./main.o
ucSCoilBuf          0x0               ./FreeModbus/stm32/user_mb_app.o
xQueueRegistry      0x8               ./FreeRTOS/Source/queue.o
Button              0x80              ./bsp/button.o
ucRTUBuf            0x100             ./FreeModbus/rtu/mbrtu.o
pxMBMasterFrameCBReceiveFSMCur
                    0x4               ./FreeModbus/mb_m.o
ucMCoilBuf          0x10              ./FreeModbus/stm32/user_mb_app_m.o
WK_RESIV_BUFF       0x6c              ./wake/wake.o
pxMBMasterFrameCBTransmitFSMCur
                    0x4               ./FreeModbus/mb_m.o
usMRegHoldBuf       0x0               ./FreeModbus/stm32/user_mb_app_m.o
ValidatorNV9        0x14              ./bsp/nv9usb.o
pxMBFrameCBByteReceived
                    0x4               ./FreeModbus/mb.o
WK_SEND_BUFF        0x6c              ./wake/wake.o
pxMBFrameCBTransmitFSMCur
                    0x4               ./FreeModbus/mb.o
ucSDiscInBuf        0x0               ./FreeModbus/stm32/user_mb_app.o
usSRegHoldBuf       0x0               ./FreeModbus/stm32/user_mb_app.o
usSRegInBuf         0x8               ./FreeModbus/stm32/user_mb_app.o
pxMBFrameCBReceiveFSMCur
                    0x4               ./FreeModbus/mb.o
RxBuf               0x32              ./fifo_buffer.o
pxMBMasterFrameCBTransmitterEmpty
                    0x4               ./FreeModbus/mb_m.o
xDataGetQueue       0x4               ./main.o
pxMBMasterFrameCBByteReceived
                    0x4               ./FreeModbus/mb_m.o
usMRegInBuf         0x80              ./FreeModbus/stm32/user_mb_app_m.o
pxMBMasterPortCBTimerExpired
                    0x4               ./FreeModbus/mb_m.o

Discarded input sections

 .group         0x00000000        0x8 ./wake/wake.o
 .group         0x00000000        0x8 ./wake/wake.o
 .group         0x00000000        0x8 ./wake/wake.o
 .group         0x00000000        0x8 ./wake/wake.o
 .group         0x00000000        0x8 ./wake/wake.o
 .group         0x00000000        0x8 ./wake/wake.o
 .group         0x00000000        0x8 ./wake/wake.o
 .group         0x00000000        0x8 ./wake/wake.o
 .group         0x00000000        0x8 ./wake/wake.o
 .group         0x00000000        0x8 ./wake/wake.o
 .group         0x00000000        0x8 ./wake/wake.o
 .group         0x00000000        0x8 ./wake/wake.o
 .group         0x00000000        0x8 ./wake/wake.o
 .group         0x00000000        0x8 ./wake/wake.o
 .group         0x00000000        0x8 ./wake/wake.o
 .group         0x00000000        0x8 ./wake/wake.o
 .group         0x00000000        0x8 ./wake/wake.o
 .group         0x00000000        0x8 ./wake/wake.o
 .group         0x00000000        0x8 ./wake/wake.o
 .group         0x00000000        0x8 ./wake/wake.o
 .group         0x00000000        0x8 ./wake/wake.o
 .text          0x00000000        0x0 ./wake/wake.o
 .data          0x00000000        0x0 ./wake/wake.o
 .bss           0x00000000        0x0 ./wake/wake.o
 .text.wkByteStuffingIfSend
                0x00000000       0x98 ./wake/wake.o
 .text.wkByteStuffingIfResiv
                0x00000000       0x98 ./wake/wake.o
 .text.WKSend   0x00000000      0x118 ./wake/wake.o
 .text.bar      0x00000000        0xc ./wake/wake.o
 .debug_info    0x00000000      0x1f1 ./wake/wake.o
 .debug_abbrev  0x00000000      0x122 ./wake/wake.o
 .debug_aranges
                0x00000000       0x38 ./wake/wake.o
 .debug_ranges  0x00000000       0x28 ./wake/wake.o
 .debug_macro   0x00000000      0x106 ./wake/wake.o
 .debug_macro   0x00000000      0x856 ./wake/wake.o
[...]
Memory Configuration

Name             Origin             Length             Attributes
FLASH            0x08000000         0x00020000         xr
RAM              0x20000000         0x00002000         xrw
*default*        0x00000000         0xffffffff

Linker script and memory map

LOAD ./wake/wake.o
LOAD ./wake/wkcrc.o
LOAD ./bsp/bsp.o
LOAD ./bsp/button.o
LOAD ./bsp/lcd.o
LOAD ./bsp/led.o
LOAD ./bsp/nv9usb.o
LOAD ./bsp/spi.o
LOAD ./bsp/uart.o
LOAD ./Libraries/StdPeripheralDriver/src/misc.o
LOAD ./Libraries/StdPeripheralDriver/src/stm32f10x_adc.o
LOAD ./Libraries/StdPeripheralDriver/src/stm32f10x_bkp.o
LOAD ./Libraries/StdPeripheralDriver/src/stm32f10x_can.o
LOAD ./Libraries/StdPeripheralDriver/src/stm32f10x_cec.o
LOAD ./Libraries/StdPeripheralDriver/src/stm32f10x_crc.o
LOAD ./Libraries/StdPeripheralDriver/src/stm32f10x_dac.o
LOAD ./Libraries/StdPeripheralDriver/src/stm32f10x_dbgmcu.o
LOAD ./Libraries/StdPeripheralDriver/src/stm32f10x_dma.o
LOAD ./Libraries/StdPeripheralDriver/src/stm32f10x_exti.o
LOAD ./Libraries/StdPeripheralDriver/src/stm32f10x_flash.o
LOAD ./Libraries/StdPeripheralDriver/src/stm32f10x_fsmc.o
LOAD ./Libraries/StdPeripheralDriver/src/stm32f10x_gpio.o
LOAD ./Libraries/StdPeripheralDriver/src/stm32f10x_i2c.o
LOAD ./Libraries/StdPeripheralDriver/src/stm32f10x_iwdg.o
LOAD ./Libraries/StdPeripheralDriver/src/stm32f10x_pwr.o
LOAD ./Libraries/StdPeripheralDriver/src/stm32f10x_rcc.o
LOAD ./Libraries/StdPeripheralDriver/src/stm32f10x_rtc.o
LOAD ./Libraries/StdPeripheralDriver/src/stm32f10x_sdio.o
LOAD ./Libraries/StdPeripheralDriver/src/stm32f10x_spi.o
LOAD ./Libraries/StdPeripheralDriver/src/stm32f10x_tim.o
LOAD ./Libraries/StdPeripheralDriver/src/stm32f10x_usart.o
LOAD ./Libraries/StdPeripheralDriver/src/stm32f10x_wwdg.o
LOAD ./Libraries/CMSIS/core_cm3.o
LOAD ./Libraries/CMSIS/startup_stm32f10x_md_vl.o
LOAD ./Libraries/CMSIS/system_stm32f10x.o
LOAD ./FreeRTOS/Source/portable/MemMang/heap_1.o
LOAD ./FreeRTOS/Source/portable/GCC/ARM_CM3/port.o
LOAD ./FreeRTOS/Source/croutine.o
LOAD ./FreeRTOS/Source/list.o
LOAD ./FreeRTOS/Source/queue.o
LOAD ./FreeRTOS/Source/tasks.o
LOAD ./FreeRTOS/Source/timers.o
LOAD ./FreeModbus/tcp/mbtcp.o
LOAD ./FreeModbus/stm32/portevent.o
LOAD ./FreeModbus/stm32/portevent_m.o
LOAD ./FreeModbus/stm32/portserial.o
LOAD ./FreeModbus/stm32/portserial_m.o
LOAD ./FreeModbus/stm32/porttimer.o
LOAD ./FreeModbus/stm32/porttimer_m.o
LOAD ./FreeModbus/stm32/user_mb_app.o
LOAD ./FreeModbus/stm32/user_mb_app_m.o
LOAD ./FreeModbus/rtu/mbcrc.o
LOAD ./FreeModbus/rtu/mbrtu.o
LOAD ./FreeModbus/rtu/mbrtu_m.o
LOAD ./FreeModbus/functions/mbfunccoils.o
LOAD ./FreeModbus/functions/mbfunccoils_m.o
LOAD ./FreeModbus/functions/mbfuncdiag.o
LOAD ./FreeModbus/functions/mbfuncdisc.o
LOAD ./FreeModbus/functions/mbfuncdisc_m.o
LOAD ./FreeModbus/functions/mbfuncholding.o
LOAD ./FreeModbus/functions/mbfuncholding_m.o
LOAD ./FreeModbus/functions/mbfuncinput.o
LOAD ./FreeModbus/functions/mbfuncinput_m.o
LOAD ./FreeModbus/functions/mbfuncother.o
LOAD ./FreeModbus/functions/mbutils.o
LOAD ./FreeModbus/ascii/mbascii.o
LOAD ./FreeModbus/mb.o
LOAD ./FreeModbus/mb_m.o
LOAD ./fifo_buffer.o
LOAD ./main.o
LOAD ./syscalls.o
START GROUP
LOAD c:/tools/bin/../lib/gcc/arm-none-eabi/4.8.1/thumb2\libgcc.a
LOAD c:/tools/bin/../lib/gcc/arm-none-eabi/4.8.1/../../../../arm-none-eabi/lib/thumb2\libc.a
END GROUP
                0x20002000                _estack = (ORIGIN (RAM) + 0x2000)
                0x00000000                MIN_HEAP_SIZE = 0x0
                0x00000100                MIN_STACK_SIZE = 0x100

.isr_vector     0x08000000      0x1d0
                0x08000000                . = ALIGN (0x4)
 *(.isr_vector)
 .isr_vector    0x08000000      0x1d0 ./Libraries/CMSIS/startup_stm32f10x_md_vl.o
                0x08000000                g_pfnVectors
                0x080001d0                . = ALIGN (0x4)

.text           0x080001d0     0x2bb0
                0x080001d0                . = ALIGN (0x4)
 *(.text)
 .text          0x080001d0       0xa8 c:/tools/bin/../lib/gcc/arm-none-eabi/4.8.1/../../../../arm-none-eabi/lib/thumb2\libc.a(lib_a-memcpy-stub.o)
                0x080001d0                memcpy
 .text          0x08000278       0xa0 c:/tools/bin/../lib/gcc/arm-none-eabi/4.8.1/../../../../arm-none-eabi/lib/thumb2\libc.a(lib_a-memset.o)
                0x08000278                memset
 .text          0x08000318       0x68 c:/tools/bin/../lib/gcc/arm-none-eabi/4.8.1/../../../../arm-none-eabi/lib/thumb2\libc.a(lib_a-strncpy.o)
                0x08000318                strncpy
 *(.text*)
 .text.bsp_init
                0x08000380       0x18 ./bsp/bsp.o
                0x08000380                bsp_init
 .text.led_hw_init
                0x08000398       0x88 ./bsp/led.o
 .text.LedInit  0x08000420        0xc ./bsp/led.o
                0x08000420                LedInit
 .text.LedToggle
                0x0800042c       0x24 ./bsp/led.o
                0x0800042c                LedToggle
 .text.NVIC_PriorityGroupConfig
                0x08000450       0x28 ./Libraries/StdPeripheralDriver/src/misc.o
                0x08000450                NVIC_PriorityGroupConfig
 .text.NVIC_Init
                0x08000478       0xd0 ./Libraries/StdPeripheralDriver/src/misc.o
                0x08000478                NVIC_Init
 .text.RCC_APB2PeriphClockCmd
                0x08000548       0x50 ./Libraries/StdPeripheralDriver/src/stm32f10x_rcc.o
                0x08000548                RCC_APB2PeriphClockCmd
 .text.RCC_APB1PeriphClockCmd
                0x08000598       0x50 ./Libraries/StdPeripheralDriver/src/stm32f10x_rcc.o
                0x08000598                RCC_APB1PeriphClockCmd
 .text.TIM_TimeBaseInit
                0x080005e8      0x118 ./Libraries/StdPeripheralDriver/src/stm32f10x_tim.o
                0x080005e8                TIM_TimeBaseInit
 .text.TIM_Cmd  0x08000700       0x40 ./Libraries/StdPeripheralDriver/src/stm32f10x_tim.o
                0x08000700                TIM_Cmd
 .text.TIM_ITConfig
                0x08000740       0x48 ./Libraries/StdPeripheralDriver/src/stm32f10x_tim.o
                0x08000740                TIM_ITConfig
 .text.TIM_ARRPreloadConfig
                0x08000788       0x40 ./Libraries/StdPeripheralDriver/src/stm32f10x_tim.o
                0x08000788                TIM_ARRPreloadConfig
 .text.TIM_SetCounter
                0x080007c8       0x1c ./Libraries/StdPeripheralDriver/src/stm32f10x_tim.o
                0x080007c8                TIM_SetCounter
 .text.TIM_ClearFlag
                0x080007e4       0x20 ./Libraries/StdPeripheralDriver/src/stm32f10x_tim.o
                0x080007e4                TIM_ClearFlag
 .text.TIM_GetITStatus
                0x08000804       0x54 ./Libraries/StdPeripheralDriver/src/stm32f10x_tim.o
                0x08000804                TIM_GetITStatus
 .text.TIM_ClearITPendingBit
                0x08000858       0x20 ./Libraries/StdPeripheralDriver/src/stm32f10x_tim.o
                0x08000858                TIM_ClearITPendingBit
 .text.USART_GetFlagStatus
                0x08000878       0x38 ./Libraries/StdPeripheralDriver/src/stm32f10x_usart.o
                0x08000878                USART_GetFlagStatus
 .text.USART_GetITStatus
                0x080008b0       0xb0 ./Libraries/StdPeripheralDriver/src/stm32f10x_usart.o
                0x080008b0                USART_GetITStatus
 .text.USART_ClearITPendingBit
                0x08000960       0x38 ./Libraries/StdPeripheralDriver/src/stm32f10x_usart.o
                0x08000960                USART_ClearITPendingBit
 .text.Reset_Handler
                0x08000998       0x44 ./Libraries/CMSIS/startup_stm32f10x_md_vl.o
                0x08000998                Reset_Handler
 .text.Default_Handler
                0x080009dc        0x2 ./Libraries/CMSIS/startup_stm32f10x_md_vl.o
                0x080009dc                EXTI2_IRQHandler
                0x080009dc                DebugMon_Handler
                0x080009dc                TIM1_CC_IRQHandler
                0x080009dc                HardFault_Handler
                0x080009dc                PVD_IRQHandler
                0x080009dc                NMI_Handler
                0x080009dc                EXTI3_IRQHandler
                0x080009dc                EXTI0_IRQHandler
                0x080009dc                I2C2_EV_IRQHandler
                0x080009dc                TIM1_UP_TIM16_IRQHandler
                0x080009dc                UsageFault_Handler
                0x080009dc                SPI1_IRQHandler
                0x080009dc                TAMPER_IRQHandler
                0x080009dc                TIM6_DAC_IRQHandler
                0x080009dc                DMA1_Channel4_IRQHandler
                0x080009dc                ADC1_IRQHandler
                0x080009dc                USART3_IRQHandler
                0x080009dc                RTC_IRQHandler
                0x080009dc                DMA1_Channel7_IRQHandler
                0x080009dc                TIM4_IRQHandler
                0x080009dc                I2C1_EV_IRQHandler
                0x080009dc                DMA1_Channel6_IRQHandler
                0x080009dc                RCC_IRQHandler
                0x080009dc                DMA1_Channel1_IRQHandler
                0x080009dc                Default_Handler
                0x080009dc                CEC_IRQHandler
                0x080009dc                EXTI15_10_IRQHandler
                0x080009dc                TIM7_IRQHandler
                0x080009dc                EXTI9_5_IRQHandler
                0x080009dc                SPI2_IRQHandler
                0x080009dc                MemManage_Handler
                0x080009dc                DMA1_Channel5_IRQHandler
                0x080009dc                EXTI4_IRQHandler
                0x080009dc                TIM1_TRG_COM_TIM17_IRQHandler
                0x080009dc                DMA1_Channel3_IRQHandler
                0x080009dc                WWDG_IRQHandler
                0x080009dc                EXTI1_IRQHandler
                0x080009dc                RTCAlarm_IRQHandler
                0x080009dc                USART2_IRQHandler
                0x080009dc                I2C2_ER_IRQHandler
                0x080009dc                DMA1_Channel2_IRQHandler
                0x080009dc                FLASH_IRQHandler
                0x080009dc                BusFault_Handler
                0x080009dc                I2C1_ER_IRQHandler
                0x080009dc                TIM1_BRK_TIM15_IRQHandler
 *fill*         0x080009de        0x2 
 .text.SystemInit
                0x080009e0       0xb4 ./Libraries/CMSIS/system_stm32f10x.o
                0x080009e0                SystemInit
 .text.SetSysClock
                0x08000a94        0xc ./Libraries/CMSIS/system_stm32f10x.o
 .text.SetSysClockTo24
                0x08000aa0      0x154 ./Libraries/CMSIS/system_stm32f10x.o
 .text.pvPortMalloc
                0x08000bf4       0x90 ./FreeRTOS/Source/portable/MemMang/heap_1.o
                0x08000bf4                pvPortMalloc
 .text.vPortFree
                0x08000c84       0x14 ./FreeRTOS/Source/portable/MemMang/heap_1.o
                0x08000c84                vPortFree
 .text.pxPortInitialiseStack
                0x08000c98       0x54 ./FreeRTOS/Source/portable/GCC/ARM_CM3/port.o
                0x08000c98                pxPortInitialiseStack
 .text.SVC_Handler
                0x08000cec       0x20 ./FreeRTOS/Source/portable/GCC/ARM_CM3/port.o
                0x08000cec                SVC_Handler
 .text.vPortStartFirstTask
                0x08000d0c       0x14 ./FreeRTOS/Source/portable/GCC/ARM_CM3/port.o
                0x08000d0c                vPortStartFirstTask
 .text.xPortStartScheduler
                0x08000d20       0x50 ./FreeRTOS/Source/portable/GCC/ARM_CM3/port.o
                0x08000d20                xPortStartScheduler
 .text.vPortYieldFromISR
                0x08000d70       0x1c ./FreeRTOS/Source/portable/GCC/ARM_CM3/port.o
                0x08000d70                vPortYieldFromISR
 .text.vPortEnterCritical
                0x08000d8c       0x2c ./FreeRTOS/Source/portable/GCC/ARM_CM3/port.o
                0x08000d8c                vPortEnterCritical
 .text.vPortExitCritical
                0x08000db8       0x38 ./FreeRTOS/Source/portable/GCC/ARM_CM3/port.o
                0x08000db8                vPortExitCritical
 .text.PendSV_Handler
                0x08000df0       0x3c ./FreeRTOS/Source/portable/GCC/ARM_CM3/port.o
                0x08000df0                PendSV_Handler
 .text.SysTick_Handler
                0x08000e2c       0x34 ./FreeRTOS/Source/portable/GCC/ARM_CM3/port.o
                0x08000e2c                SysTick_Handler
 .text.prvSetupTimerInterrupt
                0x08000e60       0x28 ./FreeRTOS/Source/portable/GCC/ARM_CM3/port.o
 .text.vListInitialise
                0x08000e88       0x40 ./FreeRTOS/Source/list.o
                0x08000e88                vListInitialise
 .text.vListInitialiseItem
                0x08000ec8       0x18 ./FreeRTOS/Source/list.o
                0x08000ec8                vListInitialiseItem
 .text.vListInsertEnd
                0x08000ee0       0x50 ./FreeRTOS/Source/list.o
                0x08000ee0                vListInsertEnd
 .text.vListInsert
                0x08000f30       0x70 ./FreeRTOS/Source/list.o
                0x08000f30                vListInsert
 .text.vListRemove
                0x08000fa0       0x50 ./FreeRTOS/Source/list.o
                0x08000fa0                vListRemove
 .text.xQueueGenericCreate
                0x08000ff0       0xd0 ./FreeRTOS/Source/queue.o
                0x08000ff0                xQueueGenericCreate
 .text.xQueueGenericSend
                0x080010c0      0x140 ./FreeRTOS/Source/queue.o
                0x080010c0                xQueueGenericSend
 .text.xQueueGenericSendFromISR
                0x08001200       0xc4 ./FreeRTOS/Source/queue.o
                0x08001200                xQueueGenericSendFromISR
 .text.xQueueGenericReceive
                0x080012c4      0x1a0 ./FreeRTOS/Source/queue.o
                0x080012c4                xQueueGenericReceive
 .text.prvCopyDataToQueue
                0x08001464       0xb8 ./FreeRTOS/Source/queue.o
 .text.prvCopyDataFromQueue
                0x0800151c       0x4c ./FreeRTOS/Source/queue.o
 .text.prvUnlockQueue
                0x08001568       0x98 ./FreeRTOS/Source/queue.o
 .text.prvIsQueueEmpty
                0x08001600       0x2c ./FreeRTOS/Source/queue.o
 .text.prvIsQueueFull
                0x0800162c       0x30 ./FreeRTOS/Source/queue.o
 .text.vQueueWaitForMessageRestricted
                0x0800165c       0x54 ./FreeRTOS/Source/queue.o
                0x0800165c                vQueueWaitForMessageRestricted
 .text.xTaskGenericCreate
                0x080016b0      0x1e4 ./FreeRTOS/Source/tasks.o
                0x080016b0                xTaskGenericCreate
 .text.vTaskDelay
                0x08001894       0x54 ./FreeRTOS/Source/tasks.o
                0x08001894                vTaskDelay
 .text.vTaskStartScheduler
                0x080018e8       0x7c ./FreeRTOS/Source/tasks.o
                0x080018e8                vTaskStartScheduler
 .text.vTaskSuspendAll
                0x08001964       0x24 ./FreeRTOS/Source/tasks.o
                0x08001964                vTaskSuspendAll
 .text.xTaskResumeAll
                0x08001988      0x14c ./FreeRTOS/Source/tasks.o
                0x08001988                xTaskResumeAll
 .text.xTaskGetTickCount
                0x08001ad4       0x24 ./FreeRTOS/Source/tasks.o
                0x08001ad4                xTaskGetTickCount
 .text.vTaskIncrementTick
                0x08001af8      0x1c0 ./FreeRTOS/Source/tasks.o
                0x08001af8                vTaskIncrementTick
 .text.vTaskSwitchContext
                0x08001cb8       0xcc ./FreeRTOS/Source/tasks.o
                0x08001cb8                vTaskSwitchContext
 .text.vTaskPlaceOnEventList
                0x08001d84       0x80 ./FreeRTOS/Source/tasks.o
                0x08001d84                vTaskPlaceOnEventList
 .text.vTaskPlaceOnEventListRestricted
                0x08001e04       0x5c ./FreeRTOS/Source/tasks.o
                0x08001e04                vTaskPlaceOnEventListRestricted
 .text.xTaskRemoveFromEventList
                0x08001e60       0xc0 ./FreeRTOS/Source/tasks.o
                0x08001e60                xTaskRemoveFromEventList
 .text.vTaskSetTimeOutState
                0x08001f20       0x40 ./FreeRTOS/Source/tasks.o
                0x08001f20                vTaskSetTimeOutState
 .text.xTaskCheckForTimeOut
                0x08001f60       0xb8 ./FreeRTOS/Source/tasks.o
                0x08001f60                xTaskCheckForTimeOut
 .text.vTaskMissedYield
                0x08002018       0x18 ./FreeRTOS/Source/tasks.o
                0x08002018                vTaskMissedYield
 .text.prvIdleTask
                0x08002030       0x24 ./FreeRTOS/Source/tasks.o
 .text.prvInitialiseTCBVariables
                0x08002054       0x6c ./FreeRTOS/Source/tasks.o
 .text.prvInitialiseTaskLists
                0x080020c0       0x98 ./FreeRTOS/Source/tasks.o
 .text.prvCheckTasksWaitingTermination
                0x08002158       0x90 ./FreeRTOS/Source/tasks.o
 .text.prvAddCurrentTaskToDelayedList
                0x080021e8       0x88 ./FreeRTOS/Source/tasks.o
 .text.prvAllocateTCBAndStack
                0x08002270       0x64 ./FreeRTOS/Source/tasks.o
 .text.prvDeleteTCB
                0x080022d4       0x20 ./FreeRTOS/Source/tasks.o
 .text.xTaskGetCurrentTaskHandle
                0x080022f4       0x20 ./FreeRTOS/Source/tasks.o
                0x080022f4                xTaskGetCurrentTaskHandle
 .text.xTaskGetSchedulerState
                0x08002314       0x40 ./FreeRTOS/Source/tasks.o
                0x08002314                xTaskGetSchedulerState
 .text.vTaskPriorityInherit
                0x08002354       0xd8 ./FreeRTOS/Source/tasks.o
                0x08002354                vTaskPriorityInherit
 .text.vTaskPriorityDisinherit
                0x0800242c       0x84 ./FreeRTOS/Source/tasks.o
                0x0800242c                vTaskPriorityDisinherit
 .text.xTimerCreateTimerTask
                0x080024b0       0x60 ./FreeRTOS/Source/timers.o
                0x080024b0                xTimerCreateTimerTask
 .text.xTimerGenericCommand
                0x08002510       0xa0 ./FreeRTOS/Source/timers.o
                0x08002510                xTimerGenericCommand
 .text.prvProcessExpiredTimer
                0x080025b0       0x78 ./FreeRTOS/Source/timers.o
 .text.prvTimerTask
                0x08002628       0x24 ./FreeRTOS/Source/timers.o
 .text.prvProcessTimerOrBlockTask
                0x0800264c       0x70 ./FreeRTOS/Source/timers.o
 .text.prvGetNextExpireTime
                0x080026bc       0x50 ./FreeRTOS/Source/timers.o
 .text.prvSampleTimeNow
                0x0800270c       0x54 ./FreeRTOS/Source/timers.o
 .text.prvInsertTimerInActiveList
                0x08002760       0x88 ./FreeRTOS/Source/timers.o
 .text.prvProcessReceivedCommands
                0x080027e8      0x100 ./FreeRTOS/Source/timers.o
 .text.prvSwitchTimerLists
                0x080028e8       0xe0 ./FreeRTOS/Source/timers.o
 .text.prvCheckForValidListAndQueue
                0x080029c8       0x70 ./FreeRTOS/Source/timers.o
 .text.prvvUARTTxReadyISR
                0x08002a38       0x14 ./FreeModbus/stm32/portserial_m.o
 .text.prvvUARTRxISR
                0x08002a4c       0x14 ./FreeModbus/stm32/portserial_m.o
 .text.USART1_IRQHandler
                0x08002a60       0x64 ./FreeModbus/stm32/portserial_m.o
                0x08002a60                USART1_IRQHandler
 .text.prvvTIMERExpiredISR
                0x08002ac4       0x14 ./FreeModbus/stm32/porttimer.o
 .text.TIM3_IRQHandler
                0x08002ad8       0x4c ./FreeModbus/stm32/porttimer.o
                0x08002ad8                TIM3_IRQHandler
 .text.main     0x08002b24       0x7c ./main.o
                0x08002b24                main
 .text.vTask1   0x08002ba0       0x84 ./main.o
                0x08002ba0                vTask1
 .text.vTask2   0x08002c24       0x3c ./main.o
                0x08002c24                vTask2
 .text.timer_4_init
                0x08002c60       0xb4 ./main.o
                0x08002c60                timer_4_init
 .text.TIM2_IRQHandler
                0x08002d14       0x4c ./main.o
                0x08002d14                TIM2_IRQHandler
 *(.rodata)
 .rodata        0x08002d60        0x8 ./FreeRTOS/Source/tasks.o
 .rodata        0x08002d68        0x8 ./FreeRTOS/Source/timers.o
 .rodata        0x08002d70       0x10 ./main.o
 *(.rodata*)
 *(.glue_7)
 .glue_7        0x00000000        0x0 linker stubs
 *(.glue_7t)
 .glue_7t       0x00000000        0x0 linker stubs
 *(.init)
 *(.fini)
                0x08002d80                . = ALIGN (0x4)
                0x08002d80                _etext = .

.vfp11_veneer   0x08002d80        0x0
 .vfp11_veneer  0x00000000        0x0 linker stubs

.v4_bx          0x08002d80        0x0
 .v4_bx         0x00000000        0x0 linker stubs

.iplt           0x08002d80        0x0
 .iplt          0x00000000        0x0 ./wake/wake.o

.rel.dyn        0x08002d80        0x0
 .rel.iplt      0x00000000        0x0 ./wake/wake.o

.ARM.extab
 *(.ARM.extab* .gnu.linkonce.armextab.*)

.ARM            0x08002d80        0x0
                0x08002d80                __exidx_start = .
 *(.ARM.exidx*)
                0x08002d80                __exidx_end = .

.ARM.attributes
                0x08002d80       0x31
 *(.ARM.attributes)
 .ARM.attributes
                0x08002d80       0x33 ./bsp/bsp.o
 .ARM.attributes
                0x08002db3       0x33 ./bsp/led.o
 .ARM.attributes
                0x08002de6       0x33 ./Libraries/StdPeripheralDriver/src/misc.o
 .ARM.attributes
                0x08002e19       0x33 ./Libraries/StdPeripheralDriver/src/stm32f10x_rcc.o
 .ARM.attributes
                0x08002e4c       0x33 ./Libraries/StdPeripheralDriver/src/stm32f10x_tim.o
 .ARM.attributes
                0x08002e7f       0x33 ./Libraries/StdPeripheralDriver/src/stm32f10x_usart.o
 .ARM.attributes
                0x08002eb2       0x21 ./Libraries/CMSIS/startup_stm32f10x_md_vl.o
 .ARM.attributes
                0x08002ed3       0x33 ./Libraries/CMSIS/system_stm32f10x.o
 .ARM.attributes
                0x08002f06       0x33 ./FreeRTOS/Source/portable/MemMang/heap_1.o
 .ARM.attributes
                0x08002f39       0x33 ./FreeRTOS/Source/portable/GCC/ARM_CM3/port.o
 .ARM.attributes
                0x08002f6c       0x33 ./FreeRTOS/Source/list.o
 .ARM.attributes
                0x08002f9f       0x33 ./FreeRTOS/Source/queue.o
 .ARM.attributes
                0x08002fd2       0x33 ./FreeRTOS/Source/tasks.o
 .ARM.attributes
                0x08003005       0x33 ./FreeRTOS/Source/timers.o
 .ARM.attributes
                0x08003038       0x33 ./FreeModbus/stm32/portserial_m.o
 .ARM.attributes
                0x0800306b       0x33 ./FreeModbus/stm32/porttimer.o
 .ARM.attributes
                0x0800309e       0x33 ./FreeModbus/mb.o
 .ARM.attributes
                0x080030d1       0x33 ./FreeModbus/mb_m.o
 .ARM.attributes
                0x08003104       0x33 ./main.o
 .ARM.attributes
                0x08003137       0x29 c:/tools/bin/../lib/gcc/arm-none-eabi/4.8.1/../../../../arm-none-eabi/lib/thumb2\libc.a(lib_a-memcpy-stub.o)
 .ARM.attributes
                0x08003160       0x29 c:/tools/bin/../lib/gcc/arm-none-eabi/4.8.1/../../../../arm-none-eabi/lib/thumb2\libc.a(lib_a-memset.o)
 .ARM.attributes
                0x08003189       0x29 c:/tools/bin/../lib/gcc/arm-none-eabi/4.8.1/../../../../arm-none-eabi/lib/thumb2\libc.a(lib_a-strncpy.o)

.preinit_array  0x08002d80        0x0
                0x08002d80                PROVIDE (__preinit_array_start, .)
 *(.preinit_array*)
                0x08002d80                PROVIDE (__preinit_array_end, .)

.init_array     0x08002d80        0x0
                0x08002d80                PROVIDE (__init_array_start, .)
 *(SORT(.init_array.*))
 *(.init_array*)
                0x08002d80                PROVIDE (__init_array_end, .)

.fini_array     0x08002d80        0x0
                0x08002d80                PROVIDE (__fini_array_start, .)
 *(.fini_array*)
 *(SORT(.fini_array.*))
                0x08002d80                PROVIDE (__fini_array_end, .)
                0x08002d80                _sidata = .

.data           0x20000000       0x14 load address 0x080031b2
                0x20000000                . = ALIGN (0x4)
                0x20000000                _sdata = .
 *(.data)
 *(.data*)
 .data.SystemCoreClock
                0x20000000        0x4 ./Libraries/CMSIS/system_stm32f10x.o
                0x20000000                SystemCoreClock
 .data.uxCriticalNesting
                0x20000004        0x4 ./FreeRTOS/Source/portable/GCC/ARM_CM3/port.o
 .data.xNextTaskUnblockTime
                0x20000008        0x4 ./FreeRTOS/Source/tasks.o
 .data.gLedCnt  0x2000000c        0x2 ./main.o
                0x2000000c                gLedCnt
 *fill*         0x2000000e        0x2 
 .data.cnt.6964
                0x20000010        0x4 ./main.o
                0x20000014                . = ALIGN (0x4)
                0x20000014                _edata = .

.igot.plt       0x20000014        0x0 load address 0x080031c8
 .igot.plt      0x00000000        0x0 ./wake/wake.o
                0x20000014                . = ALIGN (0x4)

.bss            0x20000018     0x1588 load address 0x080031d0
                0x20000018                _sbss = .
                0x20000018                __bss_start__ = _sbss
 *(.bss)
 *(.bss*)
 .bss.xHeap     0x20000018     0x1400 ./FreeRTOS/Source/portable/MemMang/heap_1.o
 .bss.xNextFreeByte
                0x20001418        0x4 ./FreeRTOS/Source/portable/MemMang/heap_1.o
 .bss.pxCurrentTCB
                0x2000141c        0x4 ./FreeRTOS/Source/tasks.o
                0x2000141c                pxCurrentTCB
 .bss.pxReadyTasksLists
                0x20001420       0x64 ./FreeRTOS/Source/tasks.o
 .bss.xDelayedTaskList1
                0x20001484       0x14 ./FreeRTOS/Source/tasks.o
 .bss.xDelayedTaskList2
                0x20001498       0x14 ./FreeRTOS/Source/tasks.o
 .bss.pxDelayedTaskList
                0x200014ac        0x4 ./FreeRTOS/Source/tasks.o
 .bss.pxOverflowDelayedTaskList
                0x200014b0        0x4 ./FreeRTOS/Source/tasks.o
 .bss.xPendingReadyList
                0x200014b4       0x14 ./FreeRTOS/Source/tasks.o
 .bss.xTasksWaitingTermination
                0x200014c8       0x14 ./FreeRTOS/Source/tasks.o
 .bss.uxTasksDeleted
                0x200014dc        0x4 ./FreeRTOS/Source/tasks.o
 .bss.xSuspendedTaskList
                0x200014e0       0x14 ./FreeRTOS/Source/tasks.o
 .bss.uxCurrentNumberOfTasks
                0x200014f4        0x4 ./FreeRTOS/Source/tasks.o
 .bss.xTickCount
                0x200014f8        0x4 ./FreeRTOS/Source/tasks.o
 .bss.uxTopUsedPriority
                0x200014fc        0x4 ./FreeRTOS/Source/tasks.o
 .bss.uxTopReadyPriority
                0x20001500        0x4 ./FreeRTOS/Source/tasks.o
 .bss.xSchedulerRunning
                0x20001504        0x4 ./FreeRTOS/Source/tasks.o
 .bss.uxSchedulerSuspended
                0x20001508        0x4 ./FreeRTOS/Source/tasks.o
 .bss.uxMissedTicks
                0x2000150c        0x4 ./FreeRTOS/Source/tasks.o
 .bss.xMissedYield
                0x20001510        0x4 ./FreeRTOS/Source/tasks.o
 .bss.xNumOfOverflows
                0x20001514        0x4 ./FreeRTOS/Source/tasks.o
 .bss.uxTCBNumber
                0x20001518        0x4 ./FreeRTOS/Source/tasks.o
 .bss.xActiveTimerList1
                0x2000151c       0x14 ./FreeRTOS/Source/timers.o
 .bss.xActiveTimerList2
                0x20001530       0x14 ./FreeRTOS/Source/timers.o
 .bss.pxCurrentTimerList
                0x20001544        0x4 ./FreeRTOS/Source/timers.o
 .bss.pxOverflowTimerList
                0x20001548        0x4 ./FreeRTOS/Source/timers.o
 .bss.xTimerQueue
                0x2000154c        0x4 ./FreeRTOS/Source/timers.o
 .bss.xLastTime.4419
                0x20001550        0x4 ./FreeRTOS/Source/timers.o
 *(COMMON)
 COMMON         0x20001554       0x14 ./FreeModbus/mb.o
                0x20001554                pxMBFrameCBTransmitterEmpty
                0x20001558                pxMBPortCBTimerExpired
                0x2000155c                pxMBFrameCBByteReceived
                0x20001560                pxMBFrameCBTransmitFSMCur
                0x20001564                pxMBFrameCBReceiveFSMCur
 COMMON         0x20001568       0x14 ./FreeModbus/mb_m.o
                0x20001568                pxMBMasterFrameCBReceiveFSMCur
                0x2000156c                pxMBMasterFrameCBTransmitFSMCur
                0x20001570                pxMBMasterFrameCBTransmitterEmpty
                0x20001574                pxMBMasterFrameCBByteReceived
                0x20001578                pxMBMasterPortCBTimerExpired
 COMMON         0x2000157c       0x24 ./main.o
                0x2000157c                DataBuf
                0x2000159c                xDataGetQueue
                0x200015a0                . = ALIGN (0x4)
                0x200015a0                _ebss = .
                0x200015a0                __bss_end__ = _ebss
                0x200015a0                PROVIDE (end, _ebss)
                0x200015a0                PROVIDE (_end, _ebss)

._user_heap_stack
                0x200015a0      0x100 load address 0x08004758
                0x200015a0                . = ALIGN (0x4)
                0x200015a0                . = (. + MIN_HEAP_SIZE)
                0x200016a0                . = (. + MIN_STACK_SIZE)
 *fill*         0x200015a0      0x100 
                0x200016a0                . = ALIGN (0x4)

/DISCARD/
 libc.a(*)
 libm.a(*)
 libgcc.a(*)
OUTPUT(Snack_stm32_drv_modbus.elf elf32-littlearm)

.debug_info     0x00000000     0x7e8d
 .debug_info    0x00000000      0x24e ./bsp/bsp.o
 .debug_info    0x0000024e      0x1e8 ./bsp/led.o
 .debug_info    0x00000436      0x4db ./Libraries/StdPeripheralDriver/src/misc.o
 .debug_info    0x00000911      0x8cb ./Libraries/StdPeripheralDriver/src/stm32f10x_rcc.o
 .debug_info    0x000011dc     0x1c29 ./Libraries/StdPeripheralDriver/src/stm32f10x_tim.o
 .debug_info    0x00002e05      0x9b9 ./Libraries/StdPeripheralDriver/src/stm32f10x_usart.o
 .debug_info    0x000037be       0x81 ./Libraries/CMSIS/startup_stm32f10x_md_vl.o
 .debug_info    0x0000383f      0x3bc ./Libraries/CMSIS/system_stm32f10x.o
 .debug_info    0x00003bfb      0x16d ./FreeRTOS/Source/portable/MemMang/heap_1.o
 .debug_info    0x00003d68      0x1b8 ./FreeRTOS/Source/portable/GCC/ARM_CM3/port.o
 .debug_info    0x00003f20      0x287 ./FreeRTOS/Source/list.o
 .debug_info    0x000041a7      0x820 ./FreeRTOS/Source/queue.o
 .debug_info    0x000049c7      0xd2e ./FreeRTOS/Source/tasks.o
 .debug_info    0x000056f5      0x6e0 ./FreeRTOS/Source/timers.o
 .debug_info    0x00005dd5      0x65e ./FreeModbus/stm32/portserial_m.o
 .debug_info    0x00006433      0x614 ./FreeModbus/stm32/porttimer.o
 .debug_info    0x00006a47      0x5d2 ./FreeModbus/mb.o
 .debug_info    0x00007019      0x695 ./FreeModbus/mb_m.o
 .debug_info    0x000076ae      0x7df ./main.o

.debug_abbrev   0x00000000     0x1909
 .debug_abbrev  0x00000000       0xe3 ./bsp/bsp.o
 .debug_abbrev  0x000000e3      0x11a ./bsp/led.o
 .debug_abbrev  0x000001fd      0x159 ./Libraries/StdPeripheralDriver/src/misc.o
 .debug_abbrev  0x00000356      0x1bf ./Libraries/StdPeripheralDriver/src/stm32f10x_rcc.o
 .debug_abbrev  0x00000515      0x1b5 ./Libraries/StdPeripheralDriver/src/stm32f10x_tim.o
 .debug_abbrev  0x000006ca      0x167 ./Libraries/StdPeripheralDriver/src/stm32f10x_usart.o
 .debug_abbrev  0x00000831       0x12 ./Libraries/CMSIS/startup_stm32f10x_md_vl.o
 .debug_abbrev  0x00000843      0x17c ./Libraries/CMSIS/system_stm32f10x.o
 .debug_abbrev  0x000009bf      0x10b ./FreeRTOS/Source/portable/MemMang/heap_1.o
 .debug_abbrev  0x00000aca      0x11d ./FreeRTOS/Source/portable/GCC/ARM_CM3/port.o
 .debug_abbrev  0x00000be7       0xbf ./FreeRTOS/Source/list.o
 .debug_abbrev  0x00000ca6      0x181 ./FreeRTOS/Source/queue.o
 .debug_abbrev  0x00000e27      0x1d2 ./FreeRTOS/Source/tasks.o
 .debug_abbrev  0x00000ff9      0x178 ./FreeRTOS/Source/timers.o
 .debug_abbrev  0x00001171      0x186 ./FreeModbus/stm32/portserial_m.o
 .debug_abbrev  0x000012f7      0x15f ./FreeModbus/stm32/porttimer.o
 .debug_abbrev  0x00001456      0x15c ./FreeModbus/mb.o
 .debug_abbrev  0x000015b2      0x174 ./FreeModbus/mb_m.o
 .debug_abbrev  0x00001726      0x1e3 ./main.o

.debug_aranges  0x00000000      0xb00
 .debug_aranges
                0x00000000       0x28 ./bsp/bsp.o
 .debug_aranges
                0x00000028       0x40 ./bsp/led.o
 .debug_aranges
                0x00000068       0x40 ./Libraries/StdPeripheralDriver/src/misc.o
 .debug_aranges
                0x000000a8      0x120 ./Libraries/StdPeripheralDriver/src/stm32f10x_rcc.o
 .debug_aranges
                0x000001c8      0x2f0 ./Libraries/StdPeripheralDriver/src/stm32f10x_tim.o
 .debug_aranges
                0x000004b8      0x100 ./Libraries/StdPeripheralDriver/src/stm32f10x_usart.o
 .debug_aranges
                0x000005b8       0x28 ./Libraries/CMSIS/startup_stm32f10x_md_vl.o
 .debug_aranges
                0x000005e0       0x38 ./Libraries/CMSIS/system_stm32f10x.o
 .debug_aranges
                0x00000618       0x38 ./FreeRTOS/Source/portable/MemMang/heap_1.o
 .debug_aranges
                0x00000650       0x70 ./FreeRTOS/Source/portable/GCC/ARM_CM3/port.o
 .debug_aranges
                0x000006c0       0x40 ./FreeRTOS/Source/list.o
 .debug_aranges
                0x00000700       0xb0 ./FreeRTOS/Source/queue.o
 .debug_aranges
                0x000007b0      0x138 ./FreeRTOS/Source/tasks.o
 .debug_aranges
                0x000008e8       0x88 ./FreeRTOS/Source/timers.o
 .debug_aranges
                0x00000970       0x58 ./FreeModbus/stm32/portserial_m.o
 .debug_aranges
                0x000009c8       0x40 ./FreeModbus/stm32/porttimer.o
 .debug_aranges
                0x00000a08       0x48 ./FreeModbus/mb.o
 .debug_aranges
                0x00000a50       0x70 ./FreeModbus/mb_m.o
 .debug_aranges
                0x00000ac0       0x40 ./main.o

.debug_ranges   0x00000000      0x9d8
 .debug_ranges  0x00000000       0x18 ./bsp/bsp.o
 .debug_ranges  0x00000018       0x30 ./bsp/led.o
 .debug_ranges  0x00000048       0x30 ./Libraries/StdPeripheralDriver/src/misc.o
 .debug_ranges  0x00000078      0x110 ./Libraries/StdPeripheralDriver/src/stm32f10x_rcc.o
 .debug_ranges  0x00000188      0x2e0 ./Libraries/StdPeripheralDriver/src/stm32f10x_tim.o
 .debug_ranges  0x00000468       0xf0 ./Libraries/StdPeripheralDriver/src/stm32f10x_usart.o
 .debug_ranges  0x00000558       0x20 ./Libraries/CMSIS/startup_stm32f10x_md_vl.o
 .debug_ranges  0x00000578       0x28 ./Libraries/CMSIS/system_stm32f10x.o
 .debug_ranges  0x000005a0       0x28 ./FreeRTOS/Source/portable/MemMang/heap_1.o
 .debug_ranges  0x000005c8       0x60 ./FreeRTOS/Source/portable/GCC/ARM_CM3/port.o
 .debug_ranges  0x00000628       0x30 ./FreeRTOS/Source/list.o
 .debug_ranges  0x00000658       0xa0 ./FreeRTOS/Source/queue.o
 .debug_ranges  0x000006f8      0x128 ./FreeRTOS/Source/tasks.o
 .debug_ranges  0x00000820       0x78 ./FreeRTOS/Source/timers.o
 .debug_ranges  0x00000898       0x48 ./FreeModbus/stm32/portserial_m.o
 .debug_ranges  0x000008e0       0x30 ./FreeModbus/stm32/porttimer.o
 .debug_ranges  0x00000910       0x38 ./FreeModbus/mb.o
 .debug_ranges  0x00000948       0x60 ./FreeModbus/mb_m.o
 .debug_ranges  0x000009a8       0x30 ./main.o

.debug_macro    0x00000000     0x486e
 .debug_macro   0x00000000      0x110 ./bsp/bsp.o
 .debug_macro   0x00000110       0x10 ./bsp/bsp.o
 .debug_macro   0x00000120       0x1c ./bsp/bsp.o
 .debug_macro   0x0000013c       0x28 ./bsp/bsp.o
 .debug_macro   0x00000164      0x2ac ./bsp/bsp.o
 .debug_macro   0x00000410      0x142 ./bsp/bsp.o
 .debug_macro   0x00000552       0x3a ./bsp/bsp.o
 .debug_macro   0x0000058c       0x52 ./bsp/bsp.o
 .debug_macro   0x000005de       0x40 ./bsp/bsp.o
 .debug_macro   0x0000061e       0x3a ./bsp/bsp.o
 .debug_macro   0x00000658      0x220 ./bsp/bsp.o
 .debug_macro   0x00000878       0xc5 ./bsp/led.o
 .debug_macro   0x0000093d       0xb0 ./Libraries/StdPeripheralDriver/src/misc.o
 .debug_macro   0x000009ed       0x85 ./Libraries/StdPeripheralDriver/src/misc.o
 .debug_macro   0x00000a72      0x1d4 ./Libraries/StdPeripheralDriver/src/stm32f10x_rcc.o
 .debug_macro   0x00000c46      0x45b ./Libraries/StdPeripheralDriver/src/stm32f10x_rcc.o
 .debug_macro   0x000010a1       0xcb ./Libraries/StdPeripheralDriver/src/stm32f10x_tim.o
 .debug_macro   0x0000116c      0x70b ./Libraries/StdPeripheralDriver/src/stm32f10x_tim.o
 .debug_macro   0x00001877      0x167 ./Libraries/StdPeripheralDriver/src/stm32f10x_usart.o
 .debug_macro   0x000019de      0x21a ./Libraries/StdPeripheralDriver/src/stm32f10x_usart.o
 .debug_macro   0x00001bf8       0xa8 ./Libraries/CMSIS/system_stm32f10x.o
 .debug_macro   0x00001ca0      0x137 ./FreeRTOS/Source/portable/MemMang/heap_1.o
 .debug_macro   0x00001dd7       0x16 ./FreeRTOS/Source/portable/MemMang/heap_1.o
 .debug_macro   0x00001ded      0x10e ./FreeRTOS/Source/portable/MemMang/heap_1.o
 .debug_macro   0x00001efb       0x3a ./FreeRTOS/Source/portable/MemMang/heap_1.o
 .debug_macro   0x00001f35       0x52 ./FreeRTOS/Source/portable/MemMang/heap_1.o
 .debug_macro   0x00001f87       0x16 ./FreeRTOS/Source/portable/MemMang/heap_1.o
 .debug_macro   0x00001f9d       0x19 ./FreeRTOS/Source/portable/MemMang/heap_1.o
 .debug_macro   0x00001fb6      0x19c ./FreeRTOS/Source/portable/MemMang/heap_1.o
 .debug_macro   0x00002152       0x16 ./FreeRTOS/Source/portable/MemMang/heap_1.o
 .debug_macro   0x00002168       0x23 ./FreeRTOS/Source/portable/MemMang/heap_1.o
 .debug_macro   0x0000218b       0x7f ./FreeRTOS/Source/portable/MemMang/heap_1.o
 .debug_macro   0x0000220a       0x46 ./FreeRTOS/Source/portable/MemMang/heap_1.o
 .debug_macro   0x00002250      0x113 ./FreeRTOS/Source/portable/MemMang/heap_1.o
 .debug_macro   0x00002363       0x12 ./FreeRTOS/Source/portable/MemMang/heap_1.o
 .debug_macro   0x00002375       0x1e ./FreeRTOS/Source/portable/MemMang/heap_1.o
 .debug_macro   0x00002393      0x1a8 ./FreeRTOS/Source/portable/MemMang/heap_1.o
 .debug_macro   0x0000253b       0x48 ./FreeRTOS/Source/portable/MemMang/heap_1.o
 .debug_macro   0x00002583       0x56 ./FreeRTOS/Source/portable/MemMang/heap_1.o
 .debug_macro   0x000025d9       0xb8 ./FreeRTOS/Source/portable/GCC/ARM_CM3/port.o
 .debug_macro   0x00002691      0x166 ./FreeRTOS/Source/portable/GCC/ARM_CM3/port.o
 .debug_macro   0x000027f7      0x11c ./FreeRTOS/Source/list.o
 .debug_macro   0x00002913      0x1ec ./FreeRTOS/Source/queue.o
 .debug_macro   0x00002aff      0x214 ./FreeRTOS/Source/queue.o
 .debug_macro   0x00002d13      0x29f ./FreeRTOS/Source/queue.o
 .debug_macro   0x00002fb2       0x10 ./FreeRTOS/Source/queue.o
 .debug_macro   0x00002fc2       0x35 ./FreeRTOS/Source/queue.o
 .debug_macro   0x00002ff7       0x1f ./FreeRTOS/Source/queue.o
 .debug_macro   0x00003016      0x229 ./FreeRTOS/Source/tasks.o
 .debug_macro   0x0000323f       0x16 ./FreeRTOS/Source/tasks.o
 .debug_macro   0x00003255       0x97 ./FreeRTOS/Source/tasks.o
 .debug_macro   0x000032ec       0x10 ./FreeRTOS/Source/tasks.o
 .debug_macro   0x000032fc       0x10 ./FreeRTOS/Source/tasks.o
 .debug_macro   0x0000330c       0xef ./FreeRTOS/Source/tasks.o
 .debug_macro   0x000033fb       0x22 ./FreeRTOS/Source/tasks.o
 .debug_macro   0x0000341d       0xbd ./FreeRTOS/Source/tasks.o
 .debug_macro   0x000034da       0x16 ./FreeRTOS/Source/tasks.o
 .debug_macro   0x000034f0      0x15c ./FreeRTOS/Source/tasks.o
 .debug_macro   0x0000364c       0x5b ./FreeRTOS/Source/tasks.o
 .debug_macro   0x000036a7       0x16 ./FreeRTOS/Source/tasks.o
 .debug_macro   0x000036bd       0xa4 ./FreeRTOS/Source/timers.o
 .debug_macro   0x00003761       0x8f ./FreeRTOS/Source/timers.o
 .debug_macro   0x000037f0      0x135 ./FreeModbus/stm32/portserial_m.o
 .debug_macro   0x00003925      0x14d ./FreeModbus/stm32/porttimer.o
 .debug_macro   0x00003a72      0x711 ./FreeModbus/stm32/porttimer.o
 .debug_macro   0x00004183      0x1d7 ./FreeModbus/mb.o
 .debug_macro   0x0000435a      0x1ea ./FreeModbus/mb_m.o
 .debug_macro   0x00004544      0x2c1 ./main.o
 .debug_macro   0x00004805       0x69 ./main.o

.debug_line     0x00000000     0x558f
 .debug_line    0x00000000      0x310 ./bsp/bsp.o
 .debug_line    0x00000310      0x2bc ./bsp/led.o
 .debug_line    0x000005cc      0x278 ./Libraries/StdPeripheralDriver/src/misc.o
 .debug_line    0x00000844      0x508 ./Libraries/StdPeripheralDriver/src/stm32f10x_rcc.o
 .debug_line    0x00000d4c      0xac8 ./Libraries/StdPeripheralDriver/src/stm32f10x_tim.o
 .debug_line    0x00001814      0x4ce ./Libraries/StdPeripheralDriver/src/stm32f10x_usart.o
 .debug_line    0x00001ce2       0x88 ./Libraries/CMSIS/startup_stm32f10x_md_vl.o
 .debug_line    0x00001d6a      0x218 ./Libraries/CMSIS/system_stm32f10x.o
 .debug_line    0x00001f82      0x317 ./FreeRTOS/Source/portable/MemMang/heap_1.o
 .debug_line    0x00002299      0x28d ./FreeRTOS/Source/portable/GCC/ARM_CM3/port.o
 .debug_line    0x00002526      0x322 ./FreeRTOS/Source/list.o
 .debug_line    0x00002848      0x691 ./FreeRTOS/Source/queue.o
 .debug_line    0x00002ed9      0x952 ./FreeRTOS/Source/tasks.o
 .debug_line    0x0000382b      0x388 ./FreeRTOS/Source/timers.o
 .debug_line    0x00003bb3      0x43c ./FreeModbus/stm32/portserial_m.o
 .debug_line    0x00003fef      0x46f ./FreeModbus/stm32/porttimer.o
 .debug_line    0x0000445e      0x515 ./FreeModbus/mb.o
 .debug_line    0x00004973      0x5a3 ./FreeModbus/mb_m.o
 .debug_line    0x00004f16      0x679 ./main.o

.debug_str      0x00000000    0x495f3
 .debug_str     0x00000000    0x38474 ./bsp/bsp.o
                              0x385be (size before relaxing)
 .debug_str     0x00038474       0x44 ./bsp/led.o
                              0x36bef (size before relaxing)
 .debug_str     0x000384b8      0x718 ./Libraries/StdPeripheralDriver/src/misc.o
                              0x31ff9 (size before relaxing)
 .debug_str     0x00038bd0      0xba9 ./Libraries/StdPeripheralDriver/src/stm32f10x_rcc.o
                              0x34903 (size before relaxing)
 .debug_str     0x00039779     0x5492 ./Libraries/StdPeripheralDriver/src/stm32f10x_tim.o
                              0x391ec (size before relaxing)
 .debug_str     0x0003ec0b      0x7fd ./Libraries/StdPeripheralDriver/src/stm32f10x_usart.o
                              0x359e4 (size before relaxing)
 .debug_str     0x0003f408       0xa2 ./Libraries/CMSIS/system_stm32f10x.o
                              0x31a65 (size before relaxing)
 .debug_str     0x0003f4aa     0x3562 ./FreeRTOS/Source/portable/MemMang/heap_1.o
                               0x5ea8 (size before relaxing)
 .debug_str     0x00042a0c      0x377 ./FreeRTOS/Source/portable/GCC/ARM_CM3/port.o
                               0x4658 (size before relaxing)
 .debug_str     0x00042d83      0x138 ./FreeRTOS/Source/list.o
                               0x5bc2 (size before relaxing)
 .debug_str     0x00042ebb     0x1631 ./FreeRTOS/Source/queue.o
                               0x7ced (size before relaxing)
 .debug_str     0x000444ec     0x1bfa ./FreeRTOS/Source/tasks.o
                               0x9242 (size before relaxing)
 .debug_str     0x000460e6      0xaab ./FreeRTOS/Source/timers.o
                               0x550e (size before relaxing)
 .debug_str     0x00046b91     0x1a04 ./FreeModbus/stm32/portserial_m.o
                              0x3935e (size before relaxing)
 .debug_str     0x00048595       0xd5 ./FreeModbus/stm32/porttimer.o
                              0x3d885 (size before relaxing)
 .debug_str     0x0004866a      0x45d ./FreeModbus/mb.o
                              0x38284 (size before relaxing)
 .debug_str     0x00048ac7      0x3c0 ./FreeModbus/mb_m.o
                              0x384ec (size before relaxing)
 .debug_str     0x00048e87      0x76c ./main.o
                              0x4469e (size before relaxing)

.comment        0x00000000       0x30
 .comment       0x00000000       0x30 ./bsp/bsp.o
                                 0x31 (size before relaxing)
 .comment       0x00000000       0x31 ./bsp/led.o
 .comment       0x00000000       0x31 ./Libraries/StdPeripheralDriver/src/misc.o
 .comment       0x00000000       0x31 ./Libraries/StdPeripheralDriver/src/stm32f10x_rcc.o
 .comment       0x00000000       0x31 ./Libraries/StdPeripheralDriver/src/stm32f10x_tim.o
 .comment       0x00000000       0x31 ./Libraries/StdPeripheralDriver/src/stm32f10x_usart.o
 .comment       0x00000000       0x31 ./Libraries/CMSIS/system_stm32f10x.o
 .comment       0x00000000       0x31 ./FreeRTOS/Source/portable/MemMang/heap_1.o
 .comment       0x00000000       0x31 ./FreeRTOS/Source/portable/GCC/ARM_CM3/port.o
 .comment       0x00000000       0x31 ./FreeRTOS/Source/list.o
 .comment       0x00000000       0x31 ./FreeRTOS/Source/queue.o
 .comment       0x00000000       0x31 ./FreeRTOS/Source/tasks.o
 .comment       0x00000000       0x31 ./FreeRTOS/Source/timers.o
 .comment       0x00000000       0x31 ./FreeModbus/stm32/portserial_m.o
 .comment       0x00000000       0x31 ./FreeModbus/stm32/porttimer.o
 .comment       0x00000000       0x31 ./FreeModbus/mb.o
 .comment       0x00000000       0x31 ./FreeModbus/mb_m.o
 .comment       0x00000000       0x31 ./main.o

.debug_frame    0x00000000     0x22f4
 .debug_frame   0x00000000       0x4c ./bsp/bsp.o
 .debug_frame   0x0000004c       0xa4 ./bsp/led.o
 .debug_frame   0x000000f0       0x9c ./Libraries/StdPeripheralDriver/src/misc.o
 .debug_frame   0x0000018c      0x3b0 ./Libraries/StdPeripheralDriver/src/stm32f10x_rcc.o
 .debug_frame   0x0000053c      0xa20 ./Libraries/StdPeripheralDriver/src/stm32f10x_tim.o
 .debug_frame   0x00000f5c      0x344 ./Libraries/StdPeripheralDriver/src/stm32f10x_usart.o
 .debug_frame   0x000012a0       0x80 ./Libraries/CMSIS/system_stm32f10x.o
 .debug_frame   0x00001320       0x84 ./FreeRTOS/Source/portable/MemMang/heap_1.o
 .debug_frame   0x000013a4      0x124 ./FreeRTOS/Source/portable/GCC/ARM_CM3/port.o
 .debug_frame   0x000014c8       0x9c ./FreeRTOS/Source/list.o
 .debug_frame   0x00001564      0x25c ./FreeRTOS/Source/queue.o
 .debug_frame   0x000017c0      0x46c ./FreeRTOS/Source/tasks.o
 .debug_frame   0x00001c2c      0x1c4 ./FreeRTOS/Source/timers.o
 .debug_frame   0x00001df0      0x100 ./FreeModbus/stm32/portserial_m.o
 .debug_frame   0x00001ef0       0xa0 ./FreeModbus/stm32/porttimer.o
 .debug_frame   0x00001f90       0xd4 ./FreeModbus/mb.o
 .debug_frame   0x00002064      0x160 ./FreeModbus/mb_m.o
 .debug_frame   0x000021c4       0xac ./main.o
 .debug_frame   0x00002270       0x2c c:/tools/bin/../lib/gcc/arm-none-eabi/4.8.1/../../../../arm-none-eabi/lib/thumb2\libc.a(lib_a-memcpy-stub.o)
 .debug_frame   0x0000229c       0x2c c:/tools/bin/../lib/gcc/arm-none-eabi/4.8.1/../../../../arm-none-eabi/lib/thumb2\libc.a(lib_a-memset.o)
 .debug_frame   0x000022c8       0x2c c:/tools/bin/../lib/gcc/arm-none-eabi/4.8.1/../../../../arm-none-eabi/lib/thumb2\libc.a(lib_a-strncpy.o)
